Archive member included to satisfy reference by file (symbol)

C:\Users\Joey\Documents\LPCXpresso_8.2.2_650\MATE_Workspace\LPC1769\lpc_board_nxp_lpcxpresso_1769\Debug\liblpc_board_nxp_lpcxpresso_1769.a(board.o)
                              ./src/lwip_fs.o (Board_UARTPutSTR)
C:\Users\Joey\Documents\LPCXpresso_8.2.2_650\MATE_Workspace\LPC1769\lpc_board_nxp_lpcxpresso_1769\Debug\liblpc_board_nxp_lpcxpresso_1769.a(board_sysinit.o)
                              ./src/sysinit.o (Board_SystemInit)
C:\Users\Joey\Documents\LPCXpresso_8.2.2_650\MATE_Workspace\LPC1769\lpc_board_nxp_lpcxpresso_1769\Debug\liblpc_board_nxp_lpcxpresso_1769.a(lpc_phy_smsc87x0.o)
                              ./lwip/src/arch/lpc17xx_40xx_emac.o (lpc_phy_init)
C:\Users\Joey\Documents\LPCXpresso_8.2.2_650\MATE_Workspace\LPC1769\lpc_chip_175x_6x\Debug\liblpc_chip_175x_6x.a(chip_17xx_40xx.o)
                              ./lwip/src/arch/lpc17xx_40xx_systick_arch.o (SystemCoreClock)
C:\Users\Joey\Documents\LPCXpresso_8.2.2_650\MATE_Workspace\LPC1769\lpc_chip_175x_6x\Debug\liblpc_chip_175x_6x.a(clock_17xx_40xx.o)
                              C:\Users\Joey\Documents\LPCXpresso_8.2.2_650\MATE_Workspace\LPC1769\lpc_chip_175x_6x\Debug\liblpc_chip_175x_6x.a(chip_17xx_40xx.o) (Chip_Clock_EnablePLL)
C:\Users\Joey\Documents\LPCXpresso_8.2.2_650\MATE_Workspace\LPC1769\lpc_chip_175x_6x\Debug\liblpc_chip_175x_6x.a(enet_17xx_40xx.o)
                              ./lwip/src/arch/lpc17xx_40xx_emac.o (Chip_ENET_Init)
C:\Users\Joey\Documents\LPCXpresso_8.2.2_650\MATE_Workspace\LPC1769\lpc_chip_175x_6x\Debug\liblpc_chip_175x_6x.a(i2s_17xx_40xx.o)
                              C:\Users\Joey\Documents\LPCXpresso_8.2.2_650\MATE_Workspace\LPC1769\lpc_board_nxp_lpcxpresso_1769\Debug\liblpc_board_nxp_lpcxpresso_1769.a(board.o) (Chip_I2S_Init)
C:\Users\Joey\Documents\LPCXpresso_8.2.2_650\MATE_Workspace\LPC1769\lpc_chip_175x_6x\Debug\liblpc_chip_175x_6x.a(iocon_17xx_40xx.o)
                              C:\Users\Joey\Documents\LPCXpresso_8.2.2_650\MATE_Workspace\LPC1769\lpc_board_nxp_lpcxpresso_1769\Debug\liblpc_board_nxp_lpcxpresso_1769.a(board.o) (Chip_IOCON_PinMux)
C:\Users\Joey\Documents\LPCXpresso_8.2.2_650\MATE_Workspace\LPC1769\lpc_chip_175x_6x\Debug\liblpc_chip_175x_6x.a(sysinit_17xx_40xx.o)
                              C:\Users\Joey\Documents\LPCXpresso_8.2.2_650\MATE_Workspace\LPC1769\lpc_board_nxp_lpcxpresso_1769\Debug\liblpc_board_nxp_lpcxpresso_1769.a(board_sysinit.o) (Chip_SetupXtalClocking)
C:\Users\Joey\Documents\LPCXpresso_8.2.2_650\MATE_Workspace\LPC1769\lpc_chip_175x_6x\Debug\liblpc_chip_175x_6x.a(uart_17xx_40xx.o)
                              C:\Users\Joey\Documents\LPCXpresso_8.2.2_650\MATE_Workspace\LPC1769\lpc_board_nxp_lpcxpresso_1769\Debug\liblpc_board_nxp_lpcxpresso_1769.a(board.o) (Chip_UART_Init)
C:\Users\Joey\Documents\LPCXpresso_8.2.2_650\MATE_Workspace\LPC1769\lpc_chip_175x_6x\Debug\liblpc_chip_175x_6x.a(ring_buffer.o)
                              C:\Users\Joey\Documents\LPCXpresso_8.2.2_650\MATE_Workspace\LPC1769\lpc_chip_175x_6x\Debug\liblpc_chip_175x_6x.a(uart_17xx_40xx.o) (RingBuffer_Insert)
c:/nxp/lpcxpresso_8.2.2_650/lpcxpresso/tools/bin/../lib/gcc/arm-none-eabi/5.4.1/../../../../arm-none-eabi/lib/armv7-m\libcr_semihost.a(_cr__main.o)
                              ./src/cr_startup_lpc175x_6x.o (__main)
c:/nxp/lpcxpresso_8.2.2_650/lpcxpresso/tools/bin/../lib/gcc/arm-none-eabi/5.4.1/../../../../arm-none-eabi/lib/armv7-m\libcr_c.a(memcpy.o)
                              ./src/lwip_fs.o (memcpy)
c:/nxp/lpcxpresso_8.2.2_650/lpcxpresso/tools/bin/../lib/gcc/arm-none-eabi/5.4.1/../../../../arm-none-eabi/lib/armv7-m\libcr_c.a(memset.o)
                              ./src/httpd.o (memset)
c:/nxp/lpcxpresso_8.2.2_650/lpcxpresso/tools/bin/../lib/gcc/arm-none-eabi/5.4.1/../../../../arm-none-eabi/lib/armv7-m\libcr_c.a(alloc.o)
                              ./src/httpd.o (malloc)
c:/nxp/lpcxpresso_8.2.2_650/lpcxpresso/tools/bin/../lib/gcc/arm-none-eabi/5.4.1/../../../../arm-none-eabi/lib/armv7-m\libcr_c.a(fpprintf.o)
                              ./src/ROV_Controller_Ethernet.o (printf)
c:/nxp/lpcxpresso_8.2.2_650/lpcxpresso/tools/bin/../lib/gcc/arm-none-eabi/5.4.1/../../../../arm-none-eabi/lib/armv7-m\libcr_c.a(initio.o)
                              c:/nxp/lpcxpresso_8.2.2_650/lpcxpresso/tools/bin/../lib/gcc/arm-none-eabi/5.4.1/../../../../arm-none-eabi/lib/armv7-m\libcr_semihost.a(_cr__main.o) (_initio)
c:/nxp/lpcxpresso_8.2.2_650/lpcxpresso/tools/bin/../lib/gcc/arm-none-eabi/5.4.1/../../../../arm-none-eabi/lib/armv7-m\libcr_c.a(memcmp.o)
                              ./lwip/src/netif/etharp.o (memcmp)
c:/nxp/lpcxpresso_8.2.2_650/lpcxpresso/tools/bin/../lib/gcc/arm-none-eabi/5.4.1/../../../../arm-none-eabi/lib/armv7-m\libcr_c.a(printf.o)
                              c:/nxp/lpcxpresso_8.2.2_650/lpcxpresso/tools/bin/../lib/gcc/arm-none-eabi/5.4.1/../../../../arm-none-eabi/lib/armv7-m\libcr_c.a(fpprintf.o) (__vfprintf)
[...]
Memory Configuration

Name             Origin             Length             Attributes
MFlash512        0x00000000         0x00080000         xr
RamLoc32         0x10000000         0x00008000         xrw
RamAHB32         0x2007c000         0x00008000         xrw
*default*        0x00000000         0xffffffff

Linker script and memory map

LOAD ./src/ROV_Controller_Ethernet.o
LOAD ./src/cr_startup_lpc175x_6x.o
LOAD ./src/crp.o
LOAD ./src/httpd.o
LOAD ./src/lwip_fs.o
LOAD ./src/sysinit.o
LOAD ./lwip/src/netif/etharp.o
LOAD ./lwip/src/netif/ethernetif.o
LOAD ./lwip/src/core/ipv4/autoip.o
LOAD ./lwip/src/core/ipv4/icmp.o
LOAD ./lwip/src/core/ipv4/igmp.o
LOAD ./lwip/src/core/ipv4/inet.o
LOAD ./lwip/src/core/ipv4/inet_chksum.o
LOAD ./lwip/src/core/ipv4/ip.o
LOAD ./lwip/src/core/ipv4/ip_addr.o
LOAD ./lwip/src/core/ipv4/ip_frag.o
LOAD ./lwip/src/core/def.o
LOAD ./lwip/src/core/dhcp.o
LOAD ./lwip/src/core/dns.o
LOAD ./lwip/src/core/init.o
LOAD ./lwip/src/core/mem.o
LOAD ./lwip/src/core/memp.o
LOAD ./lwip/src/core/netif.o
LOAD ./lwip/src/core/pbuf.o
LOAD ./lwip/src/core/raw.o
LOAD ./lwip/src/core/stats.o
LOAD ./lwip/src/core/sys.o
LOAD ./lwip/src/core/tcp.o
LOAD ./lwip/src/core/tcp_in.o
LOAD ./lwip/src/core/tcp_out.o
LOAD ./lwip/src/core/timers.o
LOAD ./lwip/src/core/udp.o
LOAD ./lwip/src/arch/lpc17xx_40xx_emac.o
LOAD ./lwip/src/arch/lpc17xx_40xx_systick_arch.o
LOAD ./lwip/src/arch/lpc_debug.o
LOAD ./lwip/src/api/api_lib.o
LOAD ./lwip/src/api/api_msg.o
LOAD ./lwip/src/api/err.o
LOAD ./lwip/src/api/netbuf.o
LOAD ./lwip/src/api/netdb.o
LOAD ./lwip/src/api/netifapi.o
LOAD ./lwip/src/api/sockets.o
LOAD ./lwip/src/api/tcpip.o
LOAD C:\Users\Joey\Documents\LPCXpresso_8.2.2_650\MATE_Workspace\LPC1769\lpc_board_nxp_lpcxpresso_1769\Debug\liblpc_board_nxp_lpcxpresso_1769.a
LOAD C:\Users\Joey\Documents\LPCXpresso_8.2.2_650\MATE_Workspace\LPC1769\lpc_chip_175x_6x\Debug\liblpc_chip_175x_6x.a
START GROUP
LOAD c:/nxp/lpcxpresso_8.2.2_650/lpcxpresso/tools/bin/../lib/gcc/arm-none-eabi/5.4.1/../../../../arm-none-eabi/lib/armv7-m\libcr_semihost.a
LOAD c:/nxp/lpcxpresso_8.2.2_650/lpcxpresso/tools/bin/../lib/gcc/arm-none-eabi/5.4.1/../../../../arm-none-eabi/lib/armv7-m\libcr_c.a
LOAD c:/nxp/lpcxpresso_8.2.2_650/lpcxpresso/tools/bin/../lib/gcc/arm-none-eabi/5.4.1/armv7-m\libcr_eabihelpers.a
END GROUP
                0x00000000                __base_MFlash512 = 0x0
                0x00000000                __base_Flash = 0x0
                0x00080000                __top_MFlash512 = 0x80000
                0x00080000                __top_Flash = 0x80000
                0x10000000                __base_RamLoc32 = 0x10000000
                0x10000000                __base_RAM = 0x10000000
                0x10008000                __top_RamLoc32 = 0x10008000
                0x10008000                __top_RAM = 0x10008000
                0x2007c000                __base_RamAHB32 = 0x2007c000
                0x2007c000                __base_RAM2 = 0x2007c000
                0x20084000                __top_RamAHB32 = 0x20084000
                0x20084000                __top_RAM2 = 0x20084000

.text           0x00000000    0x10788
 FILL mask 0xff
                0x00000000                __vectors_start__ = ABSOLUTE (.)
 *(.isr_vector)
 .isr_vector    0x00000000       0xcc ./src/cr_startup_lpc175x_6x.o
                0x00000000                g_pfnVectors
                0x000000cc                . = ALIGN (0x4)
                0x000000cc                __section_table_start = .
                0x000000cc                __data_section_table = .
                0x000000cc        0x4 LONG 0x10788 LOADADDR (.data)
                0x000000d0        0x4 LONG 0x10000000 ADDR (.data)
                0x000000d4        0x4 LONG 0x10 SIZEOF (.data)
                0x000000d8        0x4 LONG 0x10788 LOADADDR (.data_RAM2)
                0x000000dc        0x4 LONG 0x2007c000 ADDR (.data_RAM2)
                0x000000e0        0x4 LONG 0x0 SIZEOF (.data_RAM2)
                0x000000e4                __data_section_table_end = .
                0x000000e4                __bss_section_table = .
                0x000000e4        0x4 LONG 0x10000010 ADDR (.bss)
                0x000000e8        0x4 LONG 0x3ec SIZEOF (.bss)
                0x000000ec        0x4 LONG 0x2007c000 ADDR (.bss_RAM2)
                0x000000f0        0x4 LONG 0x0 SIZEOF (.bss_RAM2)
                0x000000f4                __bss_section_table_end = .
                0x000000f4                __section_table_end = .
 *(.after_vectors*)
 .after_vectors
                0x000000f4      0x140 ./src/cr_startup_lpc175x_6x.o
                0x000000f4                data_init
                0x00000138                bss_init
                0x00000170                ResetISR
                0x000001e4                NMI_Handler
                0x000001ec                HardFault_Handler
                0x000001f4                MemManage_Handler
                0x000001fc                BusFault_Handler
                0x00000204                UsageFault_Handler
                0x0000020c                SVC_Handler
                0x00000214                DebugMon_Handler
                0x0000021c                PendSV_Handler
                0x0000022c                UART1_IRQHandler
                0x0000022c                EINT3_IRQHandler
                0x0000022c                CANActivity_IRQHandler
                0x0000022c                TIMER3_IRQHandler
                0x0000022c                UART0_IRQHandler
                0x0000022c                USBActivity_IRQHandler
                0x0000022c                EINT2_IRQHandler
                0x0000022c                IntDefaultHandler
                0x0000022c                PLL0_IRQHandler
                0x0000022c                CAN_IRQHandler
                0x0000022c                I2C0_IRQHandler
                0x0000022c                SSP0_IRQHandler
                0x0000022c                I2C1_IRQHandler
                0x0000022c                I2C2_IRQHandler
                0x0000022c                RTC_IRQHandler
                0x0000022c                TIMER0_IRQHandler
                0x0000022c                SPI_IRQHandler
                0x0000022c                RIT_IRQHandler
                0x0000022c                EINT1_IRQHandler
                0x0000022c                TIMER1_IRQHandler
                0x0000022c                UART2_IRQHandler
                0x0000022c                ADC_IRQHandler
                0x0000022c                SSP1_IRQHandler
                0x0000022c                USB_IRQHandler
                0x0000022c                BOD_IRQHandler
                0x0000022c                PWM1_IRQHandler
                0x0000022c                WDT_IRQHandler
                0x0000022c                I2S_IRQHandler
                0x0000022c                QEI_IRQHandler
                0x0000022c                EINT0_IRQHandler
                0x0000022c                PLL1_IRQHandler
                0x0000022c                DMA_IRQHandler
                0x0000022c                TIMER2_IRQHandler
                0x0000022c                UART3_IRQHandler
                0x0000022c                MCPWM_IRQHandler
                0x0000022c                ENET_IRQHandler
                0x000002fc                . = 0x2fc
 *fill*         0x00000234       0xc8 ff
                0x000002fc                PROVIDE (__CRP_WORD_START__, .)
 *(.crp)
 .crp           0x000002fc        0x4 ./src/crp.o
                0x000002fc                CRP_WORD
                0x00000300                PROVIDE (__CRP_WORD_END__, .)
                0x00000001                ASSERT (! ((__CRP_WORD_START__ == __CRP_WORD_END__)), Linker CRP Enabled, but no CRP_WORD provided within application)
 *(.text*)
 .text.Chip_ENET_Set100Mbps
                0x00000300       0x1c ./src/ROV_Controller_Ethernet.o
 .text.Chip_ENET_Set10Mbps
                0x0000031c       0x18 ./src/ROV_Controller_Ethernet.o
 .text.prvSetupHardware
                0x00000334       0x28 ./src/ROV_Controller_Ethernet.o
 .text.main     0x0000035c      0x180 ./src/ROV_Controller_Ethernet.o
                0x0000035c                main
 .text.strnstr  0x000004dc       0x70 ./src/httpd.o
 .text.http_state_alloc
                0x0000054c       0x30 ./src/httpd.o
 .text.http_state_free
                0x0000057c       0x4c ./src/httpd.o
 .text.http_write
                0x000005c8       0x7c ./src/httpd.o
 .text.http_close_conn
                0x00000644       0x6c ./src/httpd.o
 .text.get_http_headers
                0x000006b0      0x164 ./src/httpd.o
 .text.http_send_data
                0x00000814      0x2a4 ./src/httpd.o
 .text.http_get_404_file
                0x00000ab8       0x6c ./src/httpd.o
 .text.http_parse_request
                0x00000b24      0x11c ./src/httpd.o
 .text.http_find_file
                0x00000c40       0xd0 ./src/httpd.o
 .text.http_init_file
                0x00000d10       0xd0 ./src/httpd.o
 .text.http_err
                0x00000de0       0x24 ./src/httpd.o
 .text.http_sent
                0x00000e04       0x34 ./src/httpd.o
 .text.http_poll
                0x00000e38       0x70 ./src/httpd.o
 .text.http_recv
                0x00000ea8       0xdc ./src/httpd.o
 .text.http_accept
                0x00000f84       0x7c ./src/httpd.o
 .text.httpd_init_addr
                0x00001000       0x6c ./src/httpd.o
 .text.httpd_init
                0x0000106c       0x14 ./src/httpd.o
                0x0000106c                httpd_init
 .text.get_http_headers
                0x00001080      0x134 ./src/lwip_fs.o
 .text.fs_open_default
                0x000011b4       0x90 ./src/lwip_fs.o
                0x000011b4                fs_open_default
 .text.fs_open  0x00001244       0x14 ./src/lwip_fs.o
                0x00001244                fs_open
 .text.fs_close
                0x00001258       0x24 ./src/lwip_fs.o
                0x00001258                fs_close
 .text.fs_bytes_left
                0x0000127c       0x14 ./src/lwip_fs.o
                0x0000127c                fs_bytes_left
 .text.fs_read  0x00001290       0x18 ./src/lwip_fs.o
                0x00001290                fs_read
 .text.etharp_free_entry
                0x000012a8       0x64 ./lwip/src/netif/etharp.o
 .text.etharp_tmr
                0x0000130c       0xdc ./lwip/src/netif/etharp.o
                0x0000130c                etharp_tmr
 .text.etharp_find_entry
                0x000013e8      0x248 ./lwip/src/netif/etharp.o
 .text.etharp_send_ip
                0x00001630       0x60 ./lwip/src/netif/etharp.o
 .text.etharp_update_arp_entry
                0x00001690      0x12c ./lwip/src/netif/etharp.o
 .text.etharp_cleanup_netif
                0x000017bc       0x60 ./lwip/src/netif/etharp.o
                0x000017bc                etharp_cleanup_netif
 .text.etharp_arp_input
                0x0000181c      0x198 ./lwip/src/netif/etharp.o
 .text.etharp_output_to_arp_index
                0x000019b4       0xb8 ./lwip/src/netif/etharp.o
 .text.etharp_output
                0x00001a6c      0x1b8 ./lwip/src/netif/etharp.o
                0x00001a6c                etharp_output
 .text.etharp_query
                0x00001c24      0x24c ./lwip/src/netif/etharp.o
                0x00001c24                etharp_query
 .text.etharp_raw
                0x00001e70      0x11c ./lwip/src/netif/etharp.o
 .text.etharp_request
                0x00001f8c       0x44 ./lwip/src/netif/etharp.o
                0x00001f8c                etharp_request
 .text.ethernet_input
                0x00001fd0      0x100 ./lwip/src/netif/etharp.o
                0x00001fd0                ethernet_input
 .text.icmp_input
                0x000020d0      0x210 ./lwip/src/core/ipv4/icmp.o
                0x000020d0                icmp_input
 .text.icmp_dest_unreach
                0x000022e0       0x20 ./lwip/src/core/ipv4/icmp.o
                0x000022e0                icmp_dest_unreach
 .text.icmp_time_exceeded
                0x00002300       0x20 ./lwip/src/core/ipv4/icmp.o
                0x00002300                icmp_time_exceeded
 .text.icmp_send_response
                0x00002320       0xb8 ./lwip/src/core/ipv4/icmp.o
 .text.lwip_standard_chksum
                0x000023d8       0x9c ./lwip/src/core/ipv4/inet_chksum.o
 .text.inet_chksum_pseudo
                0x00002474      0x10c ./lwip/src/core/ipv4/inet_chksum.o
                0x00002474                inet_chksum_pseudo
 .text.inet_chksum_pseudo_partial
                0x00002580      0x138 ./lwip/src/core/ipv4/inet_chksum.o
                0x00002580                inet_chksum_pseudo_partial
 .text.inet_chksum
                0x000026b8       0x24 ./lwip/src/core/ipv4/inet_chksum.o
                0x000026b8                inet_chksum
 .text.inet_chksum_pbuf
                0x000026dc       0x94 ./lwip/src/core/ipv4/inet_chksum.o
                0x000026dc                inet_chksum_pbuf
 .text.lwip_chksum_copy
                0x00002770       0x30 ./lwip/src/core/ipv4/inet_chksum.o
                0x00002770                lwip_chksum_copy
 .text.ip_route
                0x000027a0       0x74 ./lwip/src/core/ipv4/ip.o
                0x000027a0                ip_route
 .text.ip_input
                0x00002814      0x25c ./lwip/src/core/ipv4/ip.o
                0x00002814                ip_input
 .text.ip_output_if
                0x00002a70      0x1c0 ./lwip/src/core/ipv4/ip.o
                0x00002a70                ip_output_if
 .text.ip_output
                0x00002c30       0x58 ./lwip/src/core/ipv4/ip.o
                0x00002c30                ip_output
 .text.ip4_addr_isbroadcast
                0x00002c88       0x78 ./lwip/src/core/ipv4/ip_addr.o
                0x00002c88                ip4_addr_isbroadcast
 .text.ipaddr_ntoa_r
                0x00002d00      0x100 ./lwip/src/core/ipv4/ip_addr.o
                0x00002d00                ipaddr_ntoa_r
 .text.ip_reass_tmr
                0x00002e00       0x58 ./lwip/src/core/ipv4/ip_frag.o
                0x00002e00                ip_reass_tmr
 .text.ip_reass_free_complete_datagram
                0x00002e58      0x10c ./lwip/src/core/ipv4/ip_frag.o
 .text.ip_reass_remove_oldest_datagram
                0x00002f64       0xb8 ./lwip/src/core/ipv4/ip_frag.o
 .text.ip_reass_enqueue_new_datagram
                0x0000301c       0x80 ./lwip/src/core/ipv4/ip_frag.o
 .text.ip_reass_dequeue_datagram
                0x0000309c       0x44 ./lwip/src/core/ipv4/ip_frag.o
 .text.ip_reass_chain_frag_into_datagram_and_validate
                0x000030e0      0x250 ./lwip/src/core/ipv4/ip_frag.o
 .text.ip_reass
                0x00003330      0x244 ./lwip/src/core/ipv4/ip_frag.o
                0x00003330                ip_reass
 .text.ip_frag_alloc_pbuf_custom_ref
                0x00003574       0x18 ./lwip/src/core/ipv4/ip_frag.o
 .text.ip_frag_free_pbuf_custom_ref
                0x0000358c       0x20 ./lwip/src/core/ipv4/ip_frag.o
 .text.ipfrag_free_pbuf_custom
                0x000035ac       0x44 ./lwip/src/core/ipv4/ip_frag.o
 .text.ip_frag  0x000035f0      0x208 ./lwip/src/core/ipv4/ip_frag.o
                0x000035f0                ip_frag
 .text.lwip_htons
                0x000037f8       0x28 ./lwip/src/core/def.o
                0x000037f8                lwip_htons
 .text.lwip_ntohs
                0x00003820       0x1c ./lwip/src/core/def.o
                0x00003820                lwip_ntohs
 .text.lwip_htonl
                0x0000383c       0x30 ./lwip/src/core/def.o
                0x0000383c                lwip_htonl
 .text.lwip_ntohl
                0x0000386c       0x18 ./lwip/src/core/def.o
                0x0000386c                lwip_ntohl
 .text.dhcp_handle_nak
                0x00003884       0x48 ./lwip/src/core/dhcp.o
 .text.dhcp_check
                0x000038cc       0x60 ./lwip/src/core/dhcp.o
 .text.dhcp_handle_offer
                0x0000392c       0x48 ./lwip/src/core/dhcp.o
 .text.dhcp_select
                0x00003974      0x13c ./lwip/src/core/dhcp.o
 .text.dhcp_coarse_tmr
                0x00003ab0       0x5c ./lwip/src/core/dhcp.o
                0x00003ab0                dhcp_coarse_tmr
 .text.dhcp_fine_tmr
                0x00003b0c       0x64 ./lwip/src/core/dhcp.o
                0x00003b0c                dhcp_fine_tmr
 .text.dhcp_timeout
                0x00003b70       0xc8 ./lwip/src/core/dhcp.o
 .text.dhcp_t1_timeout
                0x00003c38       0x34 ./lwip/src/core/dhcp.o
 .text.dhcp_t2_timeout
                0x00003c6c       0x34 ./lwip/src/core/dhcp.o
 .text.dhcp_handle_ack
                0x00003ca0       0xb8 ./lwip/src/core/dhcp.o
 .text.dhcp_start
                0x00003d58      0x148 ./lwip/src/core/dhcp.o
                0x00003d58                dhcp_start
 .text.dhcp_network_changed
                0x00003ea0       0x80 ./lwip/src/core/dhcp.o
                0x00003ea0                dhcp_network_changed
 .text.dhcp_arp_reply
                0x00003f20       0x44 ./lwip/src/core/dhcp.o
                0x00003f20                dhcp_arp_reply
 .text.dhcp_decline
                0x00003f64       0xc0 ./lwip/src/core/dhcp.o
 .text.dhcp_discover
                0x00004024      0x100 ./lwip/src/core/dhcp.o
 .text.dhcp_bind
                0x00004124      0x150 ./lwip/src/core/dhcp.o
 .text.dhcp_renew
                0x00004274       0xdc ./lwip/src/core/dhcp.o
                0x00004274                dhcp_renew
 .text.dhcp_rebind
                0x00004350       0xdc ./lwip/src/core/dhcp.o
 .text.dhcp_reboot
                0x0000442c       0xf0 ./lwip/src/core/dhcp.o
 .text.dhcp_release
                0x0000451c      0x10c ./lwip/src/core/dhcp.o
                0x0000451c                dhcp_release
 .text.dhcp_stop
                0x00004628       0x64 ./lwip/src/core/dhcp.o
                0x00004628                dhcp_stop
 .text.dhcp_set_state
                0x0000468c       0x34 ./lwip/src/core/dhcp.o
 .text.dhcp_option
                0x000046c0       0x5c ./lwip/src/core/dhcp.o
 .text.dhcp_option_byte
                0x0000471c       0x38 ./lwip/src/core/dhcp.o
 .text.dhcp_option_short
                0x00004754       0x60 ./lwip/src/core/dhcp.o
 .text.dhcp_option_long
                0x000047b4       0x9c ./lwip/src/core/dhcp.o
 .text.dhcp_option_hostname
                0x00004850       0x7c ./lwip/src/core/dhcp.o
 .text.dhcp_parse_reply
                0x000048cc      0x490 ./lwip/src/core/dhcp.o
 .text.dhcp_recv
                0x00004d5c      0x15c ./lwip/src/core/dhcp.o
 .text.dhcp_create_msg
                0x00004eb8      0x258 ./lwip/src/core/dhcp.o
 .text.dhcp_delete_msg
                0x00005110       0x50 ./lwip/src/core/dhcp.o
 .text.dhcp_option_trailer
                0x00005160       0x80 ./lwip/src/core/dhcp.o
 .text.lwip_init
                0x000051e0       0x18 ./lwip/src/core/init.o
                0x000051e0                lwip_init
 .text.netif_init
                0x000051f8        0xc ./lwip/src/core/netif.o
                0x000051f8                netif_init
 .text.netif_add
                0x00005204       0x94 ./lwip/src/core/netif.o
                0x00005204                netif_add
 .text.netif_set_addr
                0x00005298       0x30 ./lwip/src/core/netif.o
                0x00005298                netif_set_addr
 .text.netif_set_ipaddr
                0x000052c8       0xb0 ./lwip/src/core/netif.o
                0x000052c8                netif_set_ipaddr
 .text.netif_set_gw
                0x00005378       0x28 ./lwip/src/core/netif.o
                0x00005378                netif_set_gw
 .text.netif_set_netmask
                0x000053a0       0x28 ./lwip/src/core/netif.o
                0x000053a0                netif_set_netmask
 .text.netif_set_default
                0x000053c8       0x1c ./lwip/src/core/netif.o
                0x000053c8                netif_set_default
 .text.netif_set_up
                0x000053e4       0x58 ./lwip/src/core/netif.o
                0x000053e4                netif_set_up
 .text.netif_set_down
                0x0000543c       0x44 ./lwip/src/core/netif.o
                0x0000543c                netif_set_down
 .text.netif_set_link_up
                0x00005480       0x68 ./lwip/src/core/netif.o
                0x00005480                netif_set_link_up
 .text.netif_set_link_down
                0x000054e8       0x34 ./lwip/src/core/netif.o
                0x000054e8                netif_set_link_down
 .text.pbuf_free_ooseq
                0x0000551c       0x48 ./lwip/src/core/pbuf.o
                0x0000551c                pbuf_free_ooseq
 .text.pbuf_pool_is_empty
                0x00005564       0x18 ./lwip/src/core/pbuf.o
 .text.pbuf_alloc
                0x0000557c      0x294 ./lwip/src/core/pbuf.o
                0x0000557c                pbuf_alloc
 .text.pbuf_alloced_custom
                0x00005810       0xb4 ./lwip/src/core/pbuf.o
                0x00005810                pbuf_alloced_custom
 .text.pbuf_realloc
                0x000058c4       0xe8 ./lwip/src/core/pbuf.o
                0x000058c4                pbuf_realloc
 .text.pbuf_header
                0x000059ac       0xec ./lwip/src/core/pbuf.o
                0x000059ac                pbuf_header
 .text.pbuf_free
                0x00005a98       0xe4 ./lwip/src/core/pbuf.o
                0x00005a98                pbuf_free
 .text.pbuf_clen
                0x00005b7c       0x2c ./lwip/src/core/pbuf.o
                0x00005b7c                pbuf_clen
 .text.pbuf_ref
                0x00005ba8       0x24 ./lwip/src/core/pbuf.o
                0x00005ba8                pbuf_ref
 .text.pbuf_cat
                0x00005bcc       0x78 ./lwip/src/core/pbuf.o
                0x00005bcc                pbuf_cat
 .text.pbuf_chain
                0x00005c44       0x20 ./lwip/src/core/pbuf.o
                0x00005c44                pbuf_chain
 .text.pbuf_copy
                0x00005c64      0x13c ./lwip/src/core/pbuf.o
                0x00005c64                pbuf_copy
 .text.pbuf_copy_partial
                0x00005da0       0xd0 ./lwip/src/core/pbuf.o
                0x00005da0                pbuf_copy_partial
 .text.raw_input
                0x00005e70       0xdc ./lwip/src/core/raw.o
                0x00005e70                raw_input
 .text.tcp_init
                0x00005f4c        0xc ./lwip/src/core/tcp.o
                0x00005f4c                tcp_init
 .text.tcp_tmr  0x00005f58       0x2c ./lwip/src/core/tcp.o
                0x00005f58                tcp_tmr
 .text.tcp_close_shutdown
                0x00005f84      0x258 ./lwip/src/core/tcp.o
 .text.tcp_close
                0x000061dc       0x30 ./lwip/src/core/tcp.o
                0x000061dc                tcp_close
 .text.tcp_abandon
                0x0000620c       0xdc ./lwip/src/core/tcp.o
                0x0000620c                tcp_abandon
 .text.tcp_abort
                0x000062e8       0x18 ./lwip/src/core/tcp.o
                0x000062e8                tcp_abort
 .text.tcp_bind
                0x00006300       0xe4 ./lwip/src/core/tcp.o
                0x00006300                tcp_bind
 .text.tcp_accept_null
                0x000063e4       0x1c ./lwip/src/core/tcp.o
 .text.tcp_listen_with_backlog
                0x00006400      0x120 ./lwip/src/core/tcp.o
                0x00006400                tcp_listen_with_backlog
 .text.tcp_update_rcv_ann_wnd
                0x00006520       0x8c ./lwip/src/core/tcp.o
                0x00006520                tcp_update_rcv_ann_wnd
 .text.tcp_recved
                0x000065ac       0x80 ./lwip/src/core/tcp.o
                0x000065ac                tcp_recved
 .text.tcp_new_port
                0x0000662c       0x88 ./lwip/src/core/tcp.o
 .text.tcp_slowtmr
                0x000066b4      0x4c4 ./lwip/src/core/tcp.o
                0x000066b4                tcp_slowtmr
 .text.tcp_fasttmr
                0x00006b78       0xa4 ./lwip/src/core/tcp.o
                0x00006b78                tcp_fasttmr
 .text.tcp_process_refused_data
                0x00006c1c       0xd0 ./lwip/src/core/tcp.o
                0x00006c1c                tcp_process_refused_data
 .text.tcp_segs_free
                0x00006cec       0x28 ./lwip/src/core/tcp.o
                0x00006cec                tcp_segs_free
 .text.tcp_seg_free
                0x00006d14       0x30 ./lwip/src/core/tcp.o
                0x00006d14                tcp_seg_free
 .text.tcp_setprio
                0x00006d44       0x1c ./lwip/src/core/tcp.o
                0x00006d44                tcp_setprio
 .text.tcp_seg_copy
                0x00006d60       0x40 ./lwip/src/core/tcp.o
                0x00006d60                tcp_seg_copy
 .text.tcp_recv_null
                0x00006da0       0x44 ./lwip/src/core/tcp.o
                0x00006da0                tcp_recv_null
 .text.tcp_kill_prio
                0x00006de4       0x80 ./lwip/src/core/tcp.o
 .text.tcp_kill_timewait
                0x00006e64       0x60 ./lwip/src/core/tcp.o
 .text.tcp_alloc
                0x00006ec4      0x128 ./lwip/src/core/tcp.o
                0x00006ec4                tcp_alloc
 .text.tcp_new  0x00006fec       0x10 ./lwip/src/core/tcp.o
                0x00006fec                tcp_new
 .text.tcp_arg  0x00006ffc       0x1c ./lwip/src/core/tcp.o
                0x00006ffc                tcp_arg
 .text.tcp_recv
                0x00007018       0x28 ./lwip/src/core/tcp.o
                0x00007018                tcp_recv
 .text.tcp_sent
                0x00007040       0x24 ./lwip/src/core/tcp.o
                0x00007040                tcp_sent
 .text.tcp_err  0x00007064       0x28 ./lwip/src/core/tcp.o
                0x00007064                tcp_err
 .text.tcp_accept
                0x0000708c       0x1c ./lwip/src/core/tcp.o
                0x0000708c                tcp_accept
 .text.tcp_poll
                0x000070a8       0x34 ./lwip/src/core/tcp.o
                0x000070a8                tcp_poll
 .text.tcp_pcb_purge
                0x000070dc       0x84 ./lwip/src/core/tcp.o
                0x000070dc                tcp_pcb_purge
 .text.tcp_pcb_remove
                0x00007160       0xd0 ./lwip/src/core/tcp.o
                0x00007160                tcp_pcb_remove
 .text.tcp_next_iss
                0x00007230       0x28 ./lwip/src/core/tcp.o
                0x00007230                tcp_next_iss
 .text.tcp_eff_send_mss
                0x00007258       0x40 ./lwip/src/core/tcp.o
                0x00007258                tcp_eff_send_mss
 .text.tcp_input
                0x00007298      0x66c ./lwip/src/core/tcp_in.o
                0x00007298                tcp_input
 .text.tcp_listen_input
                0x00007904      0x194 ./lwip/src/core/tcp_in.o
 .text.tcp_timewait_input
                0x00007a98       0xd4 ./lwip/src/core/tcp_in.o
 .text.tcp_process
                0x00007b6c      0x6f4 ./lwip/src/core/tcp_in.o
 .text.tcp_oos_insert_segment
                0x00008260       0xec ./lwip/src/core/tcp_in.o
 .text.tcp_receive
                0x0000834c      0xf7c ./lwip/src/core/tcp_in.o
 .text.tcp_parseopt
                0x000092c8      0x108 ./lwip/src/core/tcp_in.o
 .text.tcp_output_alloc_header
                0x000093d0       0xe4 ./lwip/src/core/tcp_out.o
 .text.tcp_send_fin
                0x000094b4       0x7c ./lwip/src/core/tcp_out.o
                0x000094b4                tcp_send_fin
 .text.tcp_create_segment
                0x00009530      0x128 ./lwip/src/core/tcp_out.o
 .text.tcp_pbuf_prealloc
                0x00009658       0xb0 ./lwip/src/core/tcp_out.o
 .text.tcp_seg_add_chksum
                0x00009708       0x68 ./lwip/src/core/tcp_out.o
 .text.tcp_write_checks
                0x00009770       0xc8 ./lwip/src/core/tcp_out.o
 .text.tcp_write
                0x00009838      0x5f8 ./lwip/src/core/tcp_out.o
                0x00009838                tcp_write
 .text.tcp_enqueue_flags
                0x00009e30      0x1d8 ./lwip/src/core/tcp_out.o
                0x00009e30                tcp_enqueue_flags
 .text.tcp_send_empty_ack
                0x0000a008       0x94 ./lwip/src/core/tcp_out.o
                0x0000a008                tcp_send_empty_ack
 .text.tcp_output
                0x0000a09c      0x2c4 ./lwip/src/core/tcp_out.o
                0x0000a09c                tcp_output
 .text.tcp_output_segment
                0x0000a360      0x214 ./lwip/src/core/tcp_out.o
 .text.tcp_rst  0x0000a574       0xe0 ./lwip/src/core/tcp_out.o
                0x0000a574                tcp_rst
 .text.tcp_rexmit_rto
                0x0000a654       0x64 ./lwip/src/core/tcp_out.o
                0x0000a654                tcp_rexmit_rto
 .text.tcp_rexmit
                0x0000a6b8       0x98 ./lwip/src/core/tcp_out.o
                0x0000a6b8                tcp_rexmit
 .text.tcp_rexmit_fast
                0x0000a750       0xa8 ./lwip/src/core/tcp_out.o
                0x0000a750                tcp_rexmit_fast
 .text.tcp_keepalive
                0x0000a7f8       0x74 ./lwip/src/core/tcp_out.o
                0x0000a7f8                tcp_keepalive
 .text.tcp_zero_window_probe
                0x0000a86c      0x10c ./lwip/src/core/tcp_out.o
                0x0000a86c                tcp_zero_window_probe
 .text.tcpip_tcp_timer
                0x0000a978       0x48 ./lwip/src/core/timers.o
 .text.tcp_timer_needed
                0x0000a9c0       0x40 ./lwip/src/core/timers.o
                0x0000a9c0                tcp_timer_needed
 .text.ip_reass_timer
                0x0000aa00       0x24 ./lwip/src/core/timers.o
 .text.arp_timer
                0x0000aa24       0x24 ./lwip/src/core/timers.o
 .text.dhcp_timer_coarse
                0x0000aa48       0x24 ./lwip/src/core/timers.o
 .text.dhcp_timer_fine
                0x0000aa6c       0x24 ./lwip/src/core/timers.o
 .text.sys_timeouts_init
                0x0000aa90       0x58 ./lwip/src/core/timers.o
                0x0000aa90                sys_timeouts_init
 .text.sys_timeout
                0x0000aae8       0xf4 ./lwip/src/core/timers.o
                0x0000aae8                sys_timeout
 .text.sys_check_timeouts
                0x0000abdc       0x9c ./lwip/src/core/timers.o
                0x0000abdc                sys_check_timeouts
 .text.udp_init
                0x0000ac78        0xc ./lwip/src/core/udp.o
                0x0000ac78                udp_init
 .text.udp_new_port
                0x0000ac84       0x70 ./lwip/src/core/udp.o
 .text.udp_input
                0x0000acf4      0x2c4 ./lwip/src/core/udp.o
                0x0000acf4                udp_input
 .text.udp_sendto_if
                0x0000afb8       0x34 ./lwip/src/core/udp.o
                0x0000afb8                udp_sendto_if
 .text.udp_sendto_if_chksum
                0x0000afec      0x1d8 ./lwip/src/core/udp.o
                0x0000afec                udp_sendto_if_chksum
 .text.udp_bind
                0x0000b1c4       0xcc ./lwip/src/core/udp.o
                0x0000b1c4                udp_bind
 .text.udp_connect
                0x0000b290       0x98 ./lwip/src/core/udp.o
                0x0000b290                udp_connect
 .text.udp_recv
                0x0000b328       0x24 ./lwip/src/core/udp.o
                0x0000b328                udp_recv
 .text.udp_remove
                0x0000b34c       0x60 ./lwip/src/core/udp.o
                0x0000b34c                udp_remove
 .text.udp_new  0x0000b3ac       0x38 ./lwip/src/core/udp.o
                0x0000b3ac                udp_new
 .text.Chip_ENET_SetADDR
                0x0000b3e4       0x50 ./lwip/src/arch/lpc17xx_40xx_emac.o
 .text.Chip_ENET_TXEnable
                0x0000b434       0x24 ./lwip/src/arch/lpc17xx_40xx_emac.o
 .text.Chip_ENET_RXEnable
                0x0000b458       0x30 ./lwip/src/arch/lpc17xx_40xx_emac.o
 .text.Chip_ENET_RXDisable
                0x0000b488       0x30 ./lwip/src/arch/lpc17xx_40xx_emac.o
 .text.Chip_ENET_ResetRXLogic
                0x0000b4b8       0x20 ./lwip/src/arch/lpc17xx_40xx_emac.o
 .text.Chip_ENET_EnableRXFilter
                0x0000b4d8       0x34 ./lwip/src/arch/lpc17xx_40xx_emac.o
 .text.Chip_ENET_GetTXProduceIndex
                0x0000b50c       0x1c ./lwip/src/arch/lpc17xx_40xx_emac.o
 .text.Chip_ENET_GetTXConsumeIndex
                0x0000b528       0x1c ./lwip/src/arch/lpc17xx_40xx_emac.o
 .text.Chip_ENET_GetRXConsumeIndex
                0x0000b544       0x1c ./lwip/src/arch/lpc17xx_40xx_emac.o
 .text.Chip_ENET_GetFreeDescNum
                0x0000b560       0x38 ./lwip/src/arch/lpc17xx_40xx_emac.o
 .text.Chip_ENET_IsRxEmpty
                0x0000b598       0x2c ./lwip/src/arch/lpc17xx_40xx_emac.o
 .text.Chip_ENET_EnableInt
                0x0000b5c4       0x24 ./lwip/src/arch/lpc17xx_40xx_emac.o
 .text.Chip_ENET_GetIntStatus
                0x0000b5e8       0x18 ./lwip/src/arch/lpc17xx_40xx_emac.o
 .text.Chip_ENET_ClearIntStatus
                0x0000b600       0x1c ./lwip/src/arch/lpc17xx_40xx_emac.o
 .text.lpc_rxqueue_pbuf
                0x0000b61c       0x94 ./lwip/src/arch/lpc17xx_40xx_emac.o
 .text.lpc_rx_setup
                0x0000b6b0       0x40 ./lwip/src/arch/lpc17xx_40xx_emac.o
 .text.lpc_low_level_input
                0x0000b6f0      0x178 ./lwip/src/arch/lpc17xx_40xx_emac.o
 .text.lpc_packet_addr_notsafe
                0x0000b868       0x58 ./lwip/src/arch/lpc17xx_40xx_emac.o
 .text.lpc_tx_setup
                0x0000b8c0       0x60 ./lwip/src/arch/lpc17xx_40xx_emac.o
 .text.lpc_tx_reclaim_st
                0x0000b920       0x7c ./lwip/src/arch/lpc17xx_40xx_emac.o
 .text.lpc_low_level_output
                0x0000b99c      0x180 ./lwip/src/arch/lpc17xx_40xx_emac.o
 .text.low_level_init
                0x0000bb1c       0xb0 ./lwip/src/arch/lpc17xx_40xx_emac.o
 .text.lpc_etharp_output
                0x0000bbcc       0x34 ./lwip/src/arch/lpc17xx_40xx_emac.o
 .text.lpc_rx_queue
                0x0000bc00       0x60 ./lwip/src/arch/lpc17xx_40xx_emac.o
                0x0000bc00                lpc_rx_queue
 .text.lpc_enetif_input
                0x0000bc60       0x68 ./lwip/src/arch/lpc17xx_40xx_emac.o
                0x0000bc60                lpc_enetif_input
 .text.lpc_tx_reclaim
                0x0000bcc8       0x28 ./lwip/src/arch/lpc17xx_40xx_emac.o
                0x0000bcc8                lpc_tx_reclaim
 .text.lpc_tx_ready
                0x0000bcf0       0x3c ./lwip/src/arch/lpc17xx_40xx_emac.o
                0x0000bcf0                lpc_tx_ready
 .text.lpc_enetif_init
                0x0000bd2c       0x94 ./lwip/src/arch/lpc17xx_40xx_emac.o
                0x0000bd2c                lpc_enetif_init
 .text.NVIC_SetPriority
                0x0000bdc0       0x54 ./lwip/src/arch/lpc17xx_40xx_systick_arch.o
 .text.SysTick_Config
                0x0000be14       0x44 ./lwip/src/arch/lpc17xx_40xx_systick_arch.o
 .text.SysTick_Enable
                0x0000be58       0x3c ./lwip/src/arch/lpc17xx_40xx_systick_arch.o
                0x0000be58                SysTick_Enable
 .text.SysTick_Handler
                0x0000be94       0x24 ./lwip/src/arch/lpc17xx_40xx_systick_arch.o
                0x0000be94                SysTick_Handler
 .text.SysTick_GetMS
                0x0000beb8       0x14 ./lwip/src/arch/lpc17xx_40xx_systick_arch.o
                0x0000beb8                SysTick_GetMS
 .text.msDelay  0x0000becc       0x2c ./lwip/src/arch/lpc17xx_40xx_systick_arch.o
                0x0000becc                msDelay
 .text.sys_now  0x0000bef8       0x10 ./lwip/src/arch/lpc17xx_40xx_systick_arch.o
                0x0000bef8                sys_now
 .text.assert_loop
                0x0000bf08        0x8 ./lwip/src/arch/lpc_debug.o
                0x0000bf08                assert_loop
 .text.Chip_IOCON_Init
                0x0000bf10       0x18 C:\Users\Joey\Documents\LPCXpresso_8.2.2_650\MATE_Workspace\LPC1769\lpc_board_nxp_lpcxpresso_1769\Debug\liblpc_board_nxp_lpcxpresso_1769.a(board.o)
 .text.Chip_GPIO_Init
                0x0000bf28       0x18 C:\Users\Joey\Documents\LPCXpresso_8.2.2_650\MATE_Workspace\LPC1769\lpc_board_nxp_lpcxpresso_1769\Debug\liblpc_board_nxp_lpcxpresso_1769.a(board.o)
 .text.Chip_GPIO_SetPinState
                0x0000bf40       0x68 C:\Users\Joey\Documents\LPCXpresso_8.2.2_650\MATE_Workspace\LPC1769\lpc_board_nxp_lpcxpresso_1769\Debug\liblpc_board_nxp_lpcxpresso_1769.a(board.o)
 .text.Chip_GPIO_SetPinDIROutput
                0x0000bfa8       0x38 C:\Users\Joey\Documents\LPCXpresso_8.2.2_650\MATE_Workspace\LPC1769\lpc_board_nxp_lpcxpresso_1769\Debug\liblpc_board_nxp_lpcxpresso_1769.a(board.o)
 .text.Chip_UART_SendByte
                0x0000bfe0       0x1c C:\Users\Joey\Documents\LPCXpresso_8.2.2_650\MATE_Workspace\LPC1769\lpc_board_nxp_lpcxpresso_1769\Debug\liblpc_board_nxp_lpcxpresso_1769.a(board.o)
 .text.Chip_UART_ConfigData
                0x0000bffc       0x1c C:\Users\Joey\Documents\LPCXpresso_8.2.2_650\MATE_Workspace\LPC1769\lpc_board_nxp_lpcxpresso_1769\Debug\liblpc_board_nxp_lpcxpresso_1769.a(board.o)
 .text.Chip_UART_ReadLineStatus
                0x0000c018       0x18 C:\Users\Joey\Documents\LPCXpresso_8.2.2_650\MATE_Workspace\LPC1769\lpc_board_nxp_lpcxpresso_1769\Debug\liblpc_board_nxp_lpcxpresso_1769.a(board.o)
 .text.__sys_write
                0x0000c030       0x38 C:\Users\Joey\Documents\LPCXpresso_8.2.2_650\MATE_Workspace\LPC1769\lpc_board_nxp_lpcxpresso_1769\Debug\liblpc_board_nxp_lpcxpresso_1769.a(board.o)
                0x0000c030                __sys_write
 .text.Board_LED_Init
                0x0000c068       0x5c C:\Users\Joey\Documents\LPCXpresso_8.2.2_650\MATE_Workspace\LPC1769\lpc_board_nxp_lpcxpresso_1769\Debug\liblpc_board_nxp_lpcxpresso_1769.a(board.o)
                0x0000c068                Board_LED_Init
 .text.Board_UART_Init
                0x0000c0c4       0x14 C:\Users\Joey\Documents\LPCXpresso_8.2.2_650\MATE_Workspace\LPC1769\lpc_board_nxp_lpcxpresso_1769\Debug\liblpc_board_nxp_lpcxpresso_1769.a(board.o)
                0x0000c0c4                Board_UART_Init
 .text.Board_Debug_Init
                0x0000c0d8       0x30 C:\Users\Joey\Documents\LPCXpresso_8.2.2_650\MATE_Workspace\LPC1769\lpc_board_nxp_lpcxpresso_1769\Debug\liblpc_board_nxp_lpcxpresso_1769.a(board.o)
                0x0000c0d8                Board_Debug_Init
 .text.Board_UARTPutChar
                0x0000c108       0x34 C:\Users\Joey\Documents\LPCXpresso_8.2.2_650\MATE_Workspace\LPC1769\lpc_board_nxp_lpcxpresso_1769\Debug\liblpc_board_nxp_lpcxpresso_1769.a(board.o)
                0x0000c108                Board_UARTPutChar
 .text.Board_UARTPutSTR
                0x0000c13c       0x28 C:\Users\Joey\Documents\LPCXpresso_8.2.2_650\MATE_Workspace\LPC1769\lpc_board_nxp_lpcxpresso_1769\Debug\liblpc_board_nxp_lpcxpresso_1769.a(board.o)
                0x0000c13c                Board_UARTPutSTR
 .text.Board_LED_Set
                0x0000c164       0x44 C:\Users\Joey\Documents\LPCXpresso_8.2.2_650\MATE_Workspace\LPC1769\lpc_board_nxp_lpcxpresso_1769\Debug\liblpc_board_nxp_lpcxpresso_1769.a(board.o)
                0x0000c164                Board_LED_Set
 .text.Board_Init
                0x0000c1a8       0x24 C:\Users\Joey\Documents\LPCXpresso_8.2.2_650\MATE_Workspace\LPC1769\lpc_board_nxp_lpcxpresso_1769\Debug\liblpc_board_nxp_lpcxpresso_1769.a(board.o)
                0x0000c1a8                Board_Init
 .text.Board_ENET_GetMacADDR
                0x0000c1cc       0x30 C:\Users\Joey\Documents\LPCXpresso_8.2.2_650\MATE_Workspace\LPC1769\lpc_board_nxp_lpcxpresso_1769\Debug\liblpc_board_nxp_lpcxpresso_1769.a(board.o)
                0x0000c1cc                Board_ENET_GetMacADDR
 .text.Chip_ENET_IsMIIBusy
                0x0000c1fc       0x24 C:\Users\Joey\Documents\LPCXpresso_8.2.2_650\MATE_Workspace\LPC1769\lpc_board_nxp_lpcxpresso_1769\Debug\liblpc_board_nxp_lpcxpresso_1769.a(lpc_phy_smsc87x0.o)
 .text.lpc_mii_write
                0x0000c220       0x64 C:\Users\Joey\Documents\LPCXpresso_8.2.2_650\MATE_Workspace\LPC1769\lpc_board_nxp_lpcxpresso_1769\Debug\liblpc_board_nxp_lpcxpresso_1769.a(lpc_phy_smsc87x0.o)
 .text.lpc_mii_read
                0x0000c284       0x74 C:\Users\Joey\Documents\LPCXpresso_8.2.2_650\MATE_Workspace\LPC1769\lpc_board_nxp_lpcxpresso_1769\Debug\liblpc_board_nxp_lpcxpresso_1769.a(lpc_phy_smsc87x0.o)
 .text.smsc_update_phy_sts
                0x0000c2f8       0xe8 C:\Users\Joey\Documents\LPCXpresso_8.2.2_650\MATE_Workspace\LPC1769\lpc_board_nxp_lpcxpresso_1769\Debug\liblpc_board_nxp_lpcxpresso_1769.a(lpc_phy_smsc87x0.o)
 .text.lpc_phy_init
                0x0000c3e0       0xac C:\Users\Joey\Documents\LPCXpresso_8.2.2_650\MATE_Workspace\LPC1769\lpc_board_nxp_lpcxpresso_1769\Debug\liblpc_board_nxp_lpcxpresso_1769.a(lpc_phy_smsc87x0.o)
                0x0000c3e0                lpc_phy_init
 .text.lpcPHYStsPoll
                0x0000c48c       0xc8 C:\Users\Joey\Documents\LPCXpresso_8.2.2_650\MATE_Workspace\LPC1769\lpc_board_nxp_lpcxpresso_1769\Debug\liblpc_board_nxp_lpcxpresso_1769.a(lpc_phy_smsc87x0.o)
                0x0000c48c                lpcPHYStsPoll
 .text.SystemCoreClockUpdate
                0x0000c554       0x18 C:\Users\Joey\Documents\LPCXpresso_8.2.2_650\MATE_Workspace\LPC1769\lpc_chip_175x_6x\Debug\liblpc_chip_175x_6x.a(chip_17xx_40xx.o)
                0x0000c554                SystemCoreClockUpdate
 .text.Chip_Clock_IsMainPLLEnabled
                0x0000c56c       0x24 C:\Users\Joey\Documents\LPCXpresso_8.2.2_650\MATE_Workspace\LPC1769\lpc_chip_175x_6x\Debug\liblpc_chip_175x_6x.a(clock_17xx_40xx.o)
 .text.Chip_Clock_IsMainPLLConnected
                0x0000c590       0x24 C:\Users\Joey\Documents\LPCXpresso_8.2.2_650\MATE_Workspace\LPC1769\lpc_chip_175x_6x\Debug\liblpc_chip_175x_6x.a(clock_17xx_40xx.o)
 .text.Chip_Clock_GetMainPLLSource
                0x0000c5b4       0x20 C:\Users\Joey\Documents\LPCXpresso_8.2.2_650\MATE_Workspace\LPC1769\lpc_chip_175x_6x\Debug\liblpc_chip_175x_6x.a(clock_17xx_40xx.o)
 .text.Chip_Clock_GetMainOscRate
                0x0000c5d4       0x14 C:\Users\Joey\Documents\LPCXpresso_8.2.2_650\MATE_Workspace\LPC1769\lpc_chip_175x_6x\Debug\liblpc_chip_175x_6x.a(clock_17xx_40xx.o)
 .text.Chip_Clock_GetIntOscRate
                0x0000c5e8       0x14 C:\Users\Joey\Documents\LPCXpresso_8.2.2_650\MATE_Workspace\LPC1769\lpc_chip_175x_6x\Debug\liblpc_chip_175x_6x.a(clock_17xx_40xx.o)
 .text.Chip_Clock_GetRTCOscRate
                0x0000c5fc       0x14 C:\Users\Joey\Documents\LPCXpresso_8.2.2_650\MATE_Workspace\LPC1769\lpc_chip_175x_6x\Debug\liblpc_chip_175x_6x.a(clock_17xx_40xx.o)
 .text.Chip_Clock_GetMainPLLInClockRate
                0x0000c610       0x10 C:\Users\Joey\Documents\LPCXpresso_8.2.2_650\MATE_Workspace\LPC1769\lpc_chip_175x_6x\Debug\liblpc_chip_175x_6x.a(clock_17xx_40xx.o)
 .text.Chip_Clock_EnablePeriphClock
                0x0000c620       0x34 C:\Users\Joey\Documents\LPCXpresso_8.2.2_650\MATE_Workspace\LPC1769\lpc_chip_175x_6x\Debug\liblpc_chip_175x_6x.a(clock_17xx_40xx.o)
                0x0000c620                Chip_Clock_EnablePeriphClock
 .text.Chip_Clock_GetCPUClockSource
                0x0000c654       0x24 C:\Users\Joey\Documents\LPCXpresso_8.2.2_650\MATE_Workspace\LPC1769\lpc_chip_175x_6x\Debug\liblpc_chip_175x_6x.a(clock_17xx_40xx.o)
                0x0000c654                Chip_Clock_GetCPUClockSource
 .text.Chip_Clock_GetCPUClockDiv
                0x0000c678       0x1c C:\Users\Joey\Documents\LPCXpresso_8.2.2_650\MATE_Workspace\LPC1769\lpc_chip_175x_6x\Debug\liblpc_chip_175x_6x.a(clock_17xx_40xx.o)
                0x0000c678                Chip_Clock_GetCPUClockDiv
 .text.Chip_Clock_GetPCLKDiv
                0x0000c694       0x8c C:\Users\Joey\Documents\LPCXpresso_8.2.2_650\MATE_Workspace\LPC1769\lpc_chip_175x_6x\Debug\liblpc_chip_175x_6x.a(clock_17xx_40xx.o)
                0x0000c694                Chip_Clock_GetPCLKDiv
 .text.Chip_Clock_GetSYSCLKRate
                0x0000c720       0x34 C:\Users\Joey\Documents\LPCXpresso_8.2.2_650\MATE_Workspace\LPC1769\lpc_chip_175x_6x\Debug\liblpc_chip_175x_6x.a(clock_17xx_40xx.o)
                0x0000c720                Chip_Clock_GetSYSCLKRate
 .text.Chip_Clock_GetMainPLLOutClockRate
                0x0000c754       0x54 C:\Users\Joey\Documents\LPCXpresso_8.2.2_650\MATE_Workspace\LPC1769\lpc_chip_175x_6x\Debug\liblpc_chip_175x_6x.a(clock_17xx_40xx.o)
                0x0000c754                Chip_Clock_GetMainPLLOutClockRate
 .text.Chip_Clock_GetMainClockRate
                0x0000c7a8       0x28 C:\Users\Joey\Documents\LPCXpresso_8.2.2_650\MATE_Workspace\LPC1769\lpc_chip_175x_6x\Debug\liblpc_chip_175x_6x.a(clock_17xx_40xx.o)
                0x0000c7a8                Chip_Clock_GetMainClockRate
 .text.Chip_Clock_GetSystemClockRate
                0x0000c7d0       0x18 C:\Users\Joey\Documents\LPCXpresso_8.2.2_650\MATE_Workspace\LPC1769\lpc_chip_175x_6x\Debug\liblpc_chip_175x_6x.a(clock_17xx_40xx.o)
                0x0000c7d0                Chip_Clock_GetSystemClockRate
 .text.Chip_Clock_GetPeripheralClockRate
                0x0000c7e8       0x28 C:\Users\Joey\Documents\LPCXpresso_8.2.2_650\MATE_Workspace\LPC1769\lpc_chip_175x_6x\Debug\liblpc_chip_175x_6x.a(clock_17xx_40xx.o)
                0x0000c7e8                Chip_Clock_GetPeripheralClockRate
 .text.Chip_Clock_GetENETClockRate
                0x0000c810       0x10 C:\Users\Joey\Documents\LPCXpresso_8.2.2_650\MATE_Workspace\LPC1769\lpc_chip_175x_6x\Debug\liblpc_chip_175x_6x.a(enet_17xx_40xx.o)
 .text.Chip_ENET_Reset
                0x0000c820       0x24 C:\Users\Joey\Documents\LPCXpresso_8.2.2_650\MATE_Workspace\LPC1769\lpc_chip_175x_6x\Debug\liblpc_chip_175x_6x.a(enet_17xx_40xx.o)
 .text.resetENET
                0x0000c844       0x28 C:\Users\Joey\Documents\LPCXpresso_8.2.2_650\MATE_Workspace\LPC1769\lpc_chip_175x_6x\Debug\liblpc_chip_175x_6x.a(enet_17xx_40xx.o)
 .text.Chip_ENET_Init
                0x0000c86c       0x90 C:\Users\Joey\Documents\LPCXpresso_8.2.2_650\MATE_Workspace\LPC1769\lpc_chip_175x_6x\Debug\liblpc_chip_175x_6x.a(enet_17xx_40xx.o)
                0x0000c86c                Chip_ENET_Init
 .text.Chip_ENET_SetupMII
                0x0000c8fc       0x44 C:\Users\Joey\Documents\LPCXpresso_8.2.2_650\MATE_Workspace\LPC1769\lpc_chip_175x_6x\Debug\liblpc_chip_175x_6x.a(enet_17xx_40xx.o)
                0x0000c8fc                Chip_ENET_SetupMII
 .text.Chip_ENET_FindMIIDiv
                0x0000c940       0x50 C:\Users\Joey\Documents\LPCXpresso_8.2.2_650\MATE_Workspace\LPC1769\lpc_chip_175x_6x\Debug\liblpc_chip_175x_6x.a(enet_17xx_40xx.o)
                0x0000c940                Chip_ENET_FindMIIDiv
 .text.Chip_ENET_StartMIIWrite
                0x0000c990       0x3c C:\Users\Joey\Documents\LPCXpresso_8.2.2_650\MATE_Workspace\LPC1769\lpc_chip_175x_6x\Debug\liblpc_chip_175x_6x.a(enet_17xx_40xx.o)
                0x0000c990                Chip_ENET_StartMIIWrite
 .text.Chip_ENET_StartMIIRead
                0x0000c9cc       0x30 C:\Users\Joey\Documents\LPCXpresso_8.2.2_650\MATE_Workspace\LPC1769\lpc_chip_175x_6x\Debug\liblpc_chip_175x_6x.a(enet_17xx_40xx.o)
                0x0000c9cc                Chip_ENET_StartMIIRead
 .text.Chip_ENET_ReadMIIData
                0x0000c9fc       0x20 C:\Users\Joey\Documents\LPCXpresso_8.2.2_650\MATE_Workspace\LPC1769\lpc_chip_175x_6x\Debug\liblpc_chip_175x_6x.a(enet_17xx_40xx.o)
                0x0000c9fc                Chip_ENET_ReadMIIData
 .text.Chip_ENET_SetFullDuplex
                0x0000ca1c       0x34 C:\Users\Joey\Documents\LPCXpresso_8.2.2_650\MATE_Workspace\LPC1769\lpc_chip_175x_6x\Debug\liblpc_chip_175x_6x.a(enet_17xx_40xx.o)
                0x0000ca1c                Chip_ENET_SetFullDuplex
 .text.Chip_ENET_SetHalfDuplex
                0x0000ca50       0x34 C:\Users\Joey\Documents\LPCXpresso_8.2.2_650\MATE_Workspace\LPC1769\lpc_chip_175x_6x\Debug\liblpc_chip_175x_6x.a(enet_17xx_40xx.o)
                0x0000ca50                Chip_ENET_SetHalfDuplex
 .text.Chip_ENET_InitTxDescriptors
                0x0000ca84       0x3c C:\Users\Joey\Documents\LPCXpresso_8.2.2_650\MATE_Workspace\LPC1769\lpc_chip_175x_6x\Debug\liblpc_chip_175x_6x.a(enet_17xx_40xx.o)
                0x0000ca84                Chip_ENET_InitTxDescriptors
 .text.Chip_ENET_InitRxDescriptors
                0x0000cac0       0x3c C:\Users\Joey\Documents\LPCXpresso_8.2.2_650\MATE_Workspace\LPC1769\lpc_chip_175x_6x\Debug\liblpc_chip_175x_6x.a(enet_17xx_40xx.o)
                0x0000cac0                Chip_ENET_InitRxDescriptors
 .text.Chip_ENET_GetFillDescNum
                0x0000cafc       0x4c C:\Users\Joey\Documents\LPCXpresso_8.2.2_650\MATE_Workspace\LPC1769\lpc_chip_175x_6x\Debug\liblpc_chip_175x_6x.a(enet_17xx_40xx.o)
                0x0000cafc                Chip_ENET_GetFillDescNum
 .text.Chip_ENET_IncTXProduceIndex
                0x0000cb48       0x3c C:\Users\Joey\Documents\LPCXpresso_8.2.2_650\MATE_Workspace\LPC1769\lpc_chip_175x_6x\Debug\liblpc_chip_175x_6x.a(enet_17xx_40xx.o)
                0x0000cb48                Chip_ENET_IncTXProduceIndex
 .text.Chip_ENET_IncRXConsumeIndex
                0x0000cb84       0x3c C:\Users\Joey\Documents\LPCXpresso_8.2.2_650\MATE_Workspace\LPC1769\lpc_chip_175x_6x\Debug\liblpc_chip_175x_6x.a(enet_17xx_40xx.o)
                0x0000cb84                Chip_ENET_IncRXConsumeIndex
 .text.Chip_UART_SetupFIFOS
                0x0000cbc0       0x1c C:\Users\Joey\Documents\LPCXpresso_8.2.2_650\MATE_Workspace\LPC1769\lpc_chip_175x_6x\Debug\liblpc_chip_175x_6x.a(uart_17xx_40xx.o)
 .text.Chip_UART_ConfigData
                0x0000cbdc       0x1c C:\Users\Joey\Documents\LPCXpresso_8.2.2_650\MATE_Workspace\LPC1769\lpc_chip_175x_6x\Debug\liblpc_chip_175x_6x.a(uart_17xx_40xx.o)
 .text.Chip_UART_EnableDivisorAccess
                0x0000cbf8       0x20 C:\Users\Joey\Documents\LPCXpresso_8.2.2_650\MATE_Workspace\LPC1769\lpc_chip_175x_6x\Debug\liblpc_chip_175x_6x.a(uart_17xx_40xx.o)
 .text.Chip_UART_DisableDivisorAccess
                0x0000cc18       0x20 C:\Users\Joey\Documents\LPCXpresso_8.2.2_650\MATE_Workspace\LPC1769\lpc_chip_175x_6x\Debug\liblpc_chip_175x_6x.a(uart_17xx_40xx.o)
 .text.Chip_UART_SetDivisorLatches
                0x0000cc38       0x28 C:\Users\Joey\Documents\LPCXpresso_8.2.2_650\MATE_Workspace\LPC1769\lpc_chip_175x_6x\Debug\liblpc_chip_175x_6x.a(uart_17xx_40xx.o)
 .text.Chip_UART_GetClockIndex
                0x0000cc60       0x50 C:\Users\Joey\Documents\LPCXpresso_8.2.2_650\MATE_Workspace\LPC1769\lpc_chip_175x_6x\Debug\liblpc_chip_175x_6x.a(uart_17xx_40xx.o)
 .text.Chip_UART_GetClkIndex
                0x0000ccb0       0x50 C:\Users\Joey\Documents\LPCXpresso_8.2.2_650\MATE_Workspace\LPC1769\lpc_chip_175x_6x\Debug\liblpc_chip_175x_6x.a(uart_17xx_40xx.o)
 .text.Chip_UART_Init
                0x0000cd00       0x78 C:\Users\Joey\Documents\LPCXpresso_8.2.2_650\MATE_Workspace\LPC1769\lpc_chip_175x_6x\Debug\liblpc_chip_175x_6x.a(uart_17xx_40xx.o)
                0x0000cd00                Chip_UART_Init
 .text.Chip_UART_TXEnable
                0x0000cd78       0x18 C:\Users\Joey\Documents\LPCXpresso_8.2.2_650\MATE_Workspace\LPC1769\lpc_chip_175x_6x\Debug\liblpc_chip_175x_6x.a(uart_17xx_40xx.o)
                0x0000cd78                Chip_UART_TXEnable
 .text.Chip_UART_TXDisable
                0x0000cd90       0x18 C:\Users\Joey\Documents\LPCXpresso_8.2.2_650\MATE_Workspace\LPC1769\lpc_chip_175x_6x\Debug\liblpc_chip_175x_6x.a(uart_17xx_40xx.o)
                0x0000cd90                Chip_UART_TXDisable
 .text.Chip_UART_SetBaud
                0x0000cda8       0x64 C:\Users\Joey\Documents\LPCXpresso_8.2.2_650\MATE_Workspace\LPC1769\lpc_chip_175x_6x\Debug\liblpc_chip_175x_6x.a(uart_17xx_40xx.o)
                0x0000cda8                Chip_UART_SetBaud
 .text.__main   0x0000ce0c       0x14 c:/nxp/lpcxpresso_8.2.2_650/lpcxpresso/tools/bin/../lib/gcc/arm-none-eabi/5.4.1/../../../../arm-none-eabi/lib/armv7-m\libcr_semihost.a(_cr__main.o)
                0x0000ce0c                __CR_SEMIHOST
                0x0000ce0c                __main
 .text.memcpy   0x0000ce20        0x4 c:/nxp/lpcxpresso_8.2.2_650/lpcxpresso/tools/bin/../lib/gcc/arm-none-eabi/5.4.1/../../../../arm-none-eabi/lib/armv7-m\libcr_c.a(memcpy.o)
                0x0000ce20                memcpy
 .text.memset   0x0000ce24        0x4 c:/nxp/lpcxpresso_8.2.2_650/lpcxpresso/tools/bin/../lib/gcc/arm-none-eabi/5.4.1/../../../../arm-none-eabi/lib/armv7-m\libcr_c.a(memset.o)
                0x0000ce24                memset
 .text.malloc   0x0000ce28       0xc8 c:/nxp/lpcxpresso_8.2.2_650/lpcxpresso/tools/bin/../lib/gcc/arm-none-eabi/5.4.1/../../../../arm-none-eabi/lib/armv7-m\libcr_c.a(alloc.o)
                0x0000ce28                malloc
 .text.free     0x0000cef0       0x30 c:/nxp/lpcxpresso_8.2.2_650/lpcxpresso/tools/bin/../lib/gcc/arm-none-eabi/5.4.1/../../../../arm-none-eabi/lib/armv7-m\libcr_c.a(alloc.o)
                0x0000cef0                free
 .text._Csys_alloc
                0x0000cf20       0x20 c:/nxp/lpcxpresso_8.2.2_650/lpcxpresso/tools/bin/../lib/gcc/arm-none-eabi/5.4.1/../../../../arm-none-eabi/lib/armv7-m\libcr_c.a(alloc.o)
                0x0000cf20                _Csys_alloc
 .text.fp_round
                0x0000cf40       0x4c c:/nxp/lpcxpresso_8.2.2_650/lpcxpresso/tools/bin/../lib/gcc/arm-none-eabi/5.4.1/../../../../arm-none-eabi/lib/armv7-m\libcr_c.a(fpprintf.o)
 .text.pr_dec.constprop.1
                0x0000cf8c       0x26 c:/nxp/lpcxpresso_8.2.2_650/lpcxpresso/tools/bin/../lib/gcc/arm-none-eabi/5.4.1/../../../../arm-none-eabi/lib/armv7-m\libcr_c.a(fpprintf.o)
 *fill*         0x0000cfb2        0x2 ff
 .text.sprintf  0x0000cfb4       0x6c c:/nxp/lpcxpresso_8.2.2_650/lpcxpresso/tools/bin/../lib/gcc/arm-none-eabi/5.4.1/../../../../arm-none-eabi/lib/armv7-m\libcr_c.a(fpprintf.o)
                0x0000cfb4                sprintf
 .text.fp_display
                0x0000d020      0x8ec c:/nxp/lpcxpresso_8.2.2_650/lpcxpresso/tools/bin/../lib/gcc/arm-none-eabi/5.4.1/../../../../arm-none-eabi/lib/armv7-m\libcr_c.a(fpprintf.o)
 .text.vsnprintf
                0x0000d90c       0x5c c:/nxp/lpcxpresso_8.2.2_650/lpcxpresso/tools/bin/../lib/gcc/arm-none-eabi/5.4.1/../../../../arm-none-eabi/lib/armv7-m\libcr_c.a(fpprintf.o)
                0x0000d90c                vsnprintf
 .text.printf   0x0000d968       0x54 c:/nxp/lpcxpresso_8.2.2_650/lpcxpresso/tools/bin/../lib/gcc/arm-none-eabi/5.4.1/../../../../arm-none-eabi/lib/armv7-m\libcr_c.a(fpprintf.o)
                0x0000d968                printf
 .text._initio  0x0000d9bc       0xa4 c:/nxp/lpcxpresso_8.2.2_650/lpcxpresso/tools/bin/../lib/gcc/arm-none-eabi/5.4.1/../../../../arm-none-eabi/lib/armv7-m\libcr_c.a(initio.o)
                0x0000d9bc                _initio
 .text.memcmp   0x0000da60       0x42 c:/nxp/lpcxpresso_8.2.2_650/lpcxpresso/tools/bin/../lib/gcc/arm-none-eabi/5.4.1/../../../../arm-none-eabi/lib/armv7-m\libcr_c.a(memcmp.o)
                0x0000da60                memcmp
 *fill*         0x0000daa2        0x2 ff
 .text.__vfprintf
                0x0000daa4      0xd28 c:/nxp/lpcxpresso_8.2.2_650/lpcxpresso/tools/bin/../lib/gcc/arm-none-eabi/5.4.1/../../../../arm-none-eabi/lib/armv7-m\libcr_c.a(printf.o)
                0x0000daa4                __vfprintf
 .text.setvbuf  0x0000e7cc       0x40 c:/nxp/lpcxpresso_8.2.2_650/lpcxpresso/tools/bin/../lib/gcc/arm-none-eabi/5.4.1/../../../../arm-none-eabi/lib/armv7-m\libcr_c.a(setvbuf.o)
                0x0000e7cc                setvbuf
 .text.strcat   0x0000e80c       0x1e c:/nxp/lpcxpresso_8.2.2_650/lpcxpresso/tools/bin/../lib/gcc/arm-none-eabi/5.4.1/../../../../arm-none-eabi/lib/armv7-m\libcr_c.a(strcat.o)
                0x0000e80c                strcat
 .text.strchr   0x0000e82a       0x18 c:/nxp/lpcxpresso_8.2.2_650/lpcxpresso/tools/bin/../lib/gcc/arm-none-eabi/5.4.1/../../../../arm-none-eabi/lib/armv7-m\libcr_c.a(strchr.o)
                0x0000e82a                strchr
 .text.strcmp   0x0000e842       0x44 c:/nxp/lpcxpresso_8.2.2_650/lpcxpresso/tools/bin/../lib/gcc/arm-none-eabi/5.4.1/../../../../arm-none-eabi/lib/armv7-m\libcr_c.a(strcmp.o)
                0x0000e842                strcmp
 .text.strcpy   0x0000e886       0x42 c:/nxp/lpcxpresso_8.2.2_650/lpcxpresso/tools/bin/../lib/gcc/arm-none-eabi/5.4.1/../../../../arm-none-eabi/lib/armv7-m\libcr_c.a(strcpy.o)
                0x0000e886                strcpy
 .text.strlen   0x0000e8c8       0x4a c:/nxp/lpcxpresso_8.2.2_650/lpcxpresso/tools/bin/../lib/gcc/arm-none-eabi/5.4.1/../../../../arm-none-eabi/lib/armv7-m\libcr_c.a(strlen.o)
                0x0000e8c8                strlen
 .text.strncmp  0x0000e912       0x56 c:/nxp/lpcxpresso_8.2.2_650/lpcxpresso/tools/bin/../lib/gcc/arm-none-eabi/5.4.1/../../../../arm-none-eabi/lib/armv7-m\libcr_c.a(strncmp.o)
                0x0000e912                strncmp
 .text.strrchr  0x0000e968       0x20 c:/nxp/lpcxpresso_8.2.2_650/lpcxpresso/tools/bin/../lib/gcc/arm-none-eabi/5.4.1/../../../../arm-none-eabi/lib/armv7-m\libcr_c.a(strrchr.o)
                0x0000e968                strrchr
 .text.strstr   0x0000e988       0x20 c:/nxp/lpcxpresso_8.2.2_650/lpcxpresso/tools/bin/../lib/gcc/arm-none-eabi/5.4.1/../../../../arm-none-eabi/lib/armv7-m\libcr_c.a(strstr.o)
                0x0000e988                strstr
 .text._sbrk    0x0000e9a8       0x40 c:/nxp/lpcxpresso_8.2.2_650/lpcxpresso/tools/bin/../lib/gcc/arm-none-eabi/5.4.1/../../../../arm-none-eabi/lib/armv7-m\libcr_c.a(_cr_sbrk.o)
                0x0000e9a8                _sbrk
 .text._deferredlazyseek
                0x0000e9e8       0x44 c:/nxp/lpcxpresso_8.2.2_650/lpcxpresso/tools/bin/../lib/gcc/arm-none-eabi/5.4.1/../../../../arm-none-eabi/lib/armv7-m\libcr_c.a(_deferredlazyseek.o)
                0x0000e9e8                _deferredlazyseek
 .text.__flsbuf
                0x0000ea2c      0x140 c:/nxp/lpcxpresso_8.2.2_650/lpcxpresso/tools/bin/../lib/gcc/arm-none-eabi/5.4.1/../../../../arm-none-eabi/lib/armv7-m\libcr_c.a(_deferredlazyseek.o)
                0x0000ea2c                __flsbuf
 .text._fdopen  0x0000eb6c       0x6a c:/nxp/lpcxpresso_8.2.2_650/lpcxpresso/tools/bin/../lib/gcc/arm-none-eabi/5.4.1/../../../../arm-none-eabi/lib/armv7-m\libcr_c.a(_fdopen.o)
                0x0000eb6c                _fdopen
 .text._fflush  0x0000ebd6       0x58 c:/nxp/lpcxpresso_8.2.2_650/lpcxpresso/tools/bin/../lib/gcc/arm-none-eabi/5.4.1/../../../../arm-none-eabi/lib/armv7-m\libcr_c.a(_fflush.o)
                0x0000ebd6                _fflush
 .text._frexpl  0x0000ec2e       0x5a c:/nxp/lpcxpresso_8.2.2_650/lpcxpresso/tools/bin/../lib/gcc/arm-none-eabi/5.4.1/../../../../arm-none-eabi/lib/armv7-m\libcr_c.a(_frexpl.o)
                0x0000ec2e                _frexpl
 .text._ldexpl  0x0000ec88       0x4c c:/nxp/lpcxpresso_8.2.2_650/lpcxpresso/tools/bin/../lib/gcc/arm-none-eabi/5.4.1/../../../../arm-none-eabi/lib/armv7-m\libcr_c.a(_ldexpl.o)
                0x0000ec88                _ldexpl
 .text._Cwritebuf
                0x0000ecd4       0x68 c:/nxp/lpcxpresso_8.2.2_650/lpcxpresso/tools/bin/../lib/gcc/arm-none-eabi/5.4.1/../../../../arm-none-eabi/lib/armv7-m\libcr_c.a(_writebuf.o)
                0x0000ecd4                _Cwritebuf
 .text.fclose   0x0000ed3c       0x6c c:/nxp/lpcxpresso_8.2.2_650/lpcxpresso/tools/bin/../lib/gcc/arm-none-eabi/5.4.1/../../../../arm-none-eabi/lib/armv7-m\libcr_c.a(fclose.o)
                0x0000ed3c                fclose
 .text.fflush   0x0000eda8       0x30 c:/nxp/lpcxpresso_8.2.2_650/lpcxpresso/tools/bin/../lib/gcc/arm-none-eabi/5.4.1/../../../../arm-none-eabi/lib/armv7-m\libcr_c.a(fflush.o)
                0x0000eda8                fflush
 .text.fseek    0x0000edd8      0x110 c:/nxp/lpcxpresso_8.2.2_650/lpcxpresso/tools/bin/../lib/gcc/arm-none-eabi/5.4.1/../../../../arm-none-eabi/lib/armv7-m\libcr_c.a(fseek.o)
                0x0000edd8                fseek
 .text.ftell    0x0000eee8       0x4c c:/nxp/lpcxpresso_8.2.2_650/lpcxpresso/tools/bin/../lib/gcc/arm-none-eabi/5.4.1/../../../../arm-none-eabi/lib/armv7-m\libcr_c.a(ftell.o)
                0x0000eee8                ftell
 .text.remove   0x0000ef34       0x14 c:/nxp/lpcxpresso_8.2.2_650/lpcxpresso/tools/bin/../lib/gcc/arm-none-eabi/5.4.1/../../../../arm-none-eabi/lib/armv7-m\libcr_c.a(remove.o)
                0x0000ef34                remove
 .text.__check_heap_overflow
                0x0000ef48       0x18 c:/nxp/lpcxpresso_8.2.2_650/lpcxpresso/tools/bin/../lib/gcc/arm-none-eabi/5.4.1/../../../../arm-none-eabi/lib/armv7-m\libcr_c.a(_cr_check_heap.o)
                0x0000ef48                __check_heap_overflow
 .text._do_fflush
                0x0000ef60       0x44 c:/nxp/lpcxpresso_8.2.2_650/lpcxpresso/tools/bin/../lib/gcc/arm-none-eabi/5.4.1/../../../../arm-none-eabi/lib/armv7-m\libcr_c.a(_do_fflush.o)
                0x0000ef60                _do_fflush
 .text.__aeabi_dmul
                0x0000efa4      0x110 c:/nxp/lpcxpresso_8.2.2_650/lpcxpresso/tools/bin/../lib/gcc/arm-none-eabi/5.4.1/armv7-m\libcr_eabihelpers.a(double.o)
                0x0000efa4                __aeabi_dmul
 .text.__aeabi_ddiv
                0x0000f0b4      0x138 c:/nxp/lpcxpresso_8.2.2_650/lpcxpresso/tools/bin/../lib/gcc/arm-none-eabi/5.4.1/armv7-m\libcr_eabihelpers.a(double.o)
                0x0000f0b4                __aeabi_ddiv
 .text.__aeabi_dsub
                0x0000f1ec      0x1a0 c:/nxp/lpcxpresso_8.2.2_650/lpcxpresso/tools/bin/../lib/gcc/arm-none-eabi/5.4.1/armv7-m\libcr_eabihelpers.a(double.o)
                0x0000f1ec                __aeabi_dsub
 .text.__aeabi_dadd
                0x0000f38c      0x10c c:/nxp/lpcxpresso_8.2.2_650/lpcxpresso/tools/bin/../lib/gcc/arm-none-eabi/5.4.1/armv7-m\libcr_eabihelpers.a(double.o)
                0x0000f38c                __aeabi_dadd
 .text.__aeabi_d2iz
                0x0000f498       0x40 c:/nxp/lpcxpresso_8.2.2_650/lpcxpresso/tools/bin/../lib/gcc/arm-none-eabi/5.4.1/armv7-m\libcr_eabihelpers.a(double.o)
                0x0000f498                __aeabi_d2iz
 .text.__bhs_ui2d
                0x0000f4d8       0x46 c:/nxp/lpcxpresso_8.2.2_650/lpcxpresso/tools/bin/../lib/gcc/arm-none-eabi/5.4.1/armv7-m\libcr_eabihelpers.a(double.o)
                0x0000f4d8                __bhs_ui2d
 .text.__aeabi_i2d
                0x0000f51e       0x10 c:/nxp/lpcxpresso_8.2.2_650/lpcxpresso/tools/bin/../lib/gcc/arm-none-eabi/5.4.1/armv7-m\libcr_eabihelpers.a(double.o)
                0x0000f51e                __aeabi_i2d
 .text.__aeabi_dcmpeq
                0x0000f52e       0x2c c:/nxp/lpcxpresso_8.2.2_650/lpcxpresso/tools/bin/../lib/gcc/arm-none-eabi/5.4.1/armv7-m\libcr_eabihelpers.a(double.o)
                0x0000f52e                __aeabi_dcmpeq
 .text.__aeabi_dcmplt
                0x0000f55a       0x54 c:/nxp/lpcxpresso_8.2.2_650/lpcxpresso/tools/bin/../lib/gcc/arm-none-eabi/5.4.1/armv7-m\libcr_eabihelpers.a(double.o)
                0x0000f55a                __aeabi_dcmplt
 .text.__aeabi_dcmple
                0x0000f5ae       0x54 c:/nxp/lpcxpresso_8.2.2_650/lpcxpresso/tools/bin/../lib/gcc/arm-none-eabi/5.4.1/armv7-m\libcr_eabihelpers.a(double.o)
                0x0000f5ae                __aeabi_dcmple
 .text.__aeabi_dcmpge
                0x0000f602       0x54 c:/nxp/lpcxpresso_8.2.2_650/lpcxpresso/tools/bin/../lib/gcc/arm-none-eabi/5.4.1/armv7-m\libcr_eabihelpers.a(double.o)
                0x0000f602                __aeabi_dcmpge
 .text.__aeabi_memcpy
                0x0000f656       0x34 c:/nxp/lpcxpresso_8.2.2_650/lpcxpresso/tools/bin/../lib/gcc/arm-none-eabi/5.4.1/armv7-m\libcr_eabihelpers.a(memcpy.o)
                0x0000f656                __aeabi_memcpy
                0x0000f660                __aeabi_memcpy8
                0x0000f660                __aeabi_memcpy4
 .text.__aeabi_memset_lowlevel
                0x0000f68a       0x32 c:/nxp/lpcxpresso_8.2.2_650/lpcxpresso/tools/bin/../lib/gcc/arm-none-eabi/5.4.1/armv7-m\libcr_eabihelpers.a(memcpy.o)
                0x0000f68a                __aeabi_lowlevel_memset
 .text.__sys_appexit
                0x0000f6bc        0xc c:/nxp/lpcxpresso_8.2.2_650/lpcxpresso/tools/bin/../lib/gcc/arm-none-eabi/5.4.1/../../../../arm-none-eabi/lib/armv7-m\libcr_semihost.a(__sys_appexit.o)
                0x0000f6bc                __sys_appexit
                0x0000f6bc                __exit
 .text.__sys_close
                0x0000f6c8        0xc c:/nxp/lpcxpresso_8.2.2_650/lpcxpresso/tools/bin/../lib/gcc/arm-none-eabi/5.4.1/../../../../arm-none-eabi/lib/armv7-m\libcr_semihost.a(__sys_close.o)
                0x0000f6c8                __sys_close
 .text.__sys_flen
                0x0000f6d4        0xc c:/nxp/lpcxpresso_8.2.2_650/lpcxpresso/tools/bin/../lib/gcc/arm-none-eabi/5.4.1/../../../../arm-none-eabi/lib/armv7-m\libcr_semihost.a(__sys_flen.o)
                0x0000f6d4                __sys_flen
 .text.__sys_istty
                0x0000f6e0        0xc c:/nxp/lpcxpresso_8.2.2_650/lpcxpresso/tools/bin/../lib/gcc/arm-none-eabi/5.4.1/../../../../arm-none-eabi/lib/armv7-m\libcr_semihost.a(__sys_istty.o)
                0x0000f6e0                __sys_istty
 .text.__sys_remove
                0x0000f6ec        0xc c:/nxp/lpcxpresso_8.2.2_650/lpcxpresso/tools/bin/../lib/gcc/arm-none-eabi/5.4.1/../../../../arm-none-eabi/lib/armv7-m\libcr_semihost.a(__sys_remove.o)
                0x0000f6ec                __sys_remove
 .text.__sys_seek
                0x0000f6f8        0xc c:/nxp/lpcxpresso_8.2.2_650/lpcxpresso/tools/bin/../lib/gcc/arm-none-eabi/5.4.1/../../../../arm-none-eabi/lib/armv7-m\libcr_semihost.a(__sys_seek.o)
                0x0000f6f8                __sys_seek
 .text.__sys_tmpnam
                0x0000f704        0xc c:/nxp/lpcxpresso_8.2.2_650/lpcxpresso/tools/bin/../lib/gcc/arm-none-eabi/5.4.1/../../../../arm-none-eabi/lib/armv7-m\libcr_semihost.a(__sys_tmpnam.o)
                0x0000f704                __sys_tmpnam
 *(.rodata .rodata.* .constdata .constdata.*)
 .rodata        0x0000f710       0x56 ./src/ROV_Controller_Ethernet.o
 *fill*         0x0000f766        0x2 ff
 .rodata        0x0000f768      0x459 ./src/httpd.o
 *fill*         0x0000fbc1        0x3 ff
 .rodata.g_psHTTPHeaderStrings
                0x0000fbc4       0x68 ./src/httpd.o
 .rodata.g_psHTTPHeaders
                0x0000fc2c       0x88 ./src/httpd.o
 .rodata.g_psDefaultFilenames
                0x0000fcb4       0x28 ./src/httpd.o
                0x0000fcb4                g_psDefaultFilenames
 .rodata        0x0000fcdc      0x410 ./src/lwip_fs.o
 .rodata.g_psHTTPHeaderStrings
                0x000100ec       0x68 ./src/lwip_fs.o
 .rodata.g_psHTTPHeaders
                0x00010154       0x88 ./src/lwip_fs.o
 .rodata.http_index_html
                0x000101dc      0x452 ./src/lwip_fs.o
 *fill*         0x0001062e        0x2 ff
 .rodata.ethbroadcast
                0x00010630        0x6 ./lwip/src/netif/etharp.o
                0x00010630                ethbroadcast
 *fill*         0x00010636        0x2 ff
 .rodata.ethzero
                0x00010638        0x6 ./lwip/src/netif/etharp.o
                0x00010638                ethzero
 *fill*         0x0001063e        0x2 ff
 .rodata.ip_addr_any
                0x00010640        0x4 ./lwip/src/core/ipv4/ip_addr.o
                0x00010640                ip_addr_any
 .rodata.ip_addr_broadcast
                0x00010644        0x4 ./lwip/src/core/ipv4/ip_addr.o
                0x00010644                ip_addr_broadcast
 .rodata.memp_sizes
                0x00010648       0x14 ./lwip/src/core/memp.o
                0x00010648                memp_sizes
 .rodata.tcp_backoff
                0x0001065c        0xd ./lwip/src/core/tcp.o
                0x0001065c                tcp_backoff
 *fill*         0x00010669        0x3 ff
 .rodata.tcp_persist_backoff
                0x0001066c        0x7 ./lwip/src/core/tcp.o
                0x0001066c                tcp_persist_backoff
 *fill*         0x00010673        0x1 ff
 .rodata.tcp_pcb_lists
                0x00010674       0x10 ./lwip/src/core/tcp.o
                0x00010674                tcp_pcb_lists
 .rodata        0x00010684        0x8 ./lwip/src/arch/lpc17xx_40xx_emac.o
 .rodata.ledPorts
                0x0001068c        0x3 C:\Users\Joey\Documents\LPCXpresso_8.2.2_650\MATE_Workspace\LPC1769\lpc_board_nxp_lpcxpresso_1769\Debug\liblpc_board_nxp_lpcxpresso_1769.a(board.o)
 *fill*         0x0001068f        0x1 ff
 .rodata.ledBits
                0x00010690        0x3 C:\Users\Joey\Documents\LPCXpresso_8.2.2_650\MATE_Workspace\LPC1769\lpc_board_nxp_lpcxpresso_1769\Debug\liblpc_board_nxp_lpcxpresso_1769.a(board.o)
 *fill*         0x00010693        0x1 ff
 .rodata.OscRateIn
                0x00010694        0x4 C:\Users\Joey\Documents\LPCXpresso_8.2.2_650\MATE_Workspace\LPC1769\lpc_board_nxp_lpcxpresso_1769\Debug\liblpc_board_nxp_lpcxpresso_1769.a(board.o)
                0x00010694                OscRateIn
 .rodata.RTCOscRateIn
                0x00010698        0x4 C:\Users\Joey\Documents\LPCXpresso_8.2.2_650\MATE_Workspace\LPC1769\lpc_board_nxp_lpcxpresso_1769\Debug\liblpc_board_nxp_lpcxpresso_1769.a(board.o)
                0x00010698                RTCOscRateIn
 .rodata        0x0001069c       0x4e C:\Users\Joey\Documents\LPCXpresso_8.2.2_650\MATE_Workspace\LPC1769\lpc_board_nxp_lpcxpresso_1769\Debug\liblpc_board_nxp_lpcxpresso_1769.a(board.o)
 *fill*         0x000106ea        0x2 ff
 .rodata.EnetClkDiv
                0x000106ec        0xf C:\Users\Joey\Documents\LPCXpresso_8.2.2_650\MATE_Workspace\LPC1769\lpc_chip_175x_6x\Debug\liblpc_chip_175x_6x.a(enet_17xx_40xx.o)
 .rodata.str1.1
                0x000106fb       0x18 c:/nxp/lpcxpresso_8.2.2_650/lpcxpresso/tools/bin/../lib/gcc/arm-none-eabi/5.4.1/../../../../arm-none-eabi/lib/armv7-m\libcr_c.a(alloc.o)
 .rodata.str1.1
                0x00010713       0x34 c:/nxp/lpcxpresso_8.2.2_650/lpcxpresso/tools/bin/../lib/gcc/arm-none-eabi/5.4.1/../../../../arm-none-eabi/lib/armv7-m\libcr_c.a(fpprintf.o)
                                 0x35 (size before relaxing)
 .rodata.str1.1
                0x00010747        0x4 c:/nxp/lpcxpresso_8.2.2_650/lpcxpresso/tools/bin/../lib/gcc/arm-none-eabi/5.4.1/../../../../arm-none-eabi/lib/armv7-m\libcr_c.a(initio.o)
 .rodata.str1.1
                0x0001074b       0x31 c:/nxp/lpcxpresso_8.2.2_650/lpcxpresso/tools/bin/../lib/gcc/arm-none-eabi/5.4.1/../../../../arm-none-eabi/lib/armv7-m\libcr_c.a(printf.o)
                                 0x38 (size before relaxing)
 *fill*         0x0001077c        0x4 ff
 .rodata.__huge_vall
                0x00010780        0x8 c:/nxp/lpcxpresso_8.2.2_650/lpcxpresso/tools/bin/../lib/gcc/arm-none-eabi/5.4.1/../../../../arm-none-eabi/lib/armv7-m\libcr_c.a(_hugeval.o)
                0x00010780                __huge_vall
                0x00010788                . = ALIGN (0x4)

.glue_7         0x00010788        0x0
 .glue_7        0x00010788        0x0 linker stubs

.glue_7t        0x00010788        0x0
 .glue_7t       0x00010788        0x0 linker stubs

.vfp11_veneer   0x00010788        0x0
 .vfp11_veneer  0x00010788        0x0 linker stubs

.v4_bx          0x00010788        0x0
 .v4_bx         0x00010788        0x0 linker stubs

.iplt           0x00010788        0x0
 .iplt          0x00010788        0x0 ./src/ROV_Controller_Ethernet.o

.rel.dyn        0x00010788        0x0
 .rel.iplt      0x00010788        0x0 ./src/ROV_Controller_Ethernet.o

.ARM.extab
 *(.ARM.extab* .gnu.linkonce.armextab.*)
                0x00010788                __exidx_start = .

.ARM.exidx
 *(.ARM.exidx* .gnu.linkonce.armexidx.*)
                0x00010788                __exidx_end = .
                0x00010788                _etext = .

.data_RAM2      0x2007c000        0x0 load address 0x00010788
 FILL mask 0xff
                [!provide]                PROVIDE (__start_data_RAM2, .)
 *(.ramfunc.$RAM2)
 *(.ramfunc.$RamAHB32)
 *(.data.$RAM2*)
 *(.data.$RamAHB32*)
                0x2007c000                . = ALIGN (0x4)
                [!provide]                PROVIDE (__end_data_RAM2, .)

.uninit_RESERVED
                0x10000000        0x0
 *(.bss.$RESERVED*)
                0x10000000                . = ALIGN (0x4)
                0x10000000                _end_uninit_RESERVED = .

.data           0x10000000       0x10 load address 0x00010788
 FILL mask 0xff
                0x10000000                _data = .
 *(vtable)
 *(.ramfunc*)
 *(.data*)
 .data.xid.4957
                0x10000000        0x4 ./lwip/src/core/dhcp.o
 .data.tcp_port
                0x10000004        0x2 ./lwip/src/core/tcp.o
 *fill*         0x10000006        0x2 ff
 .data.iss.5069
                0x10000008        0x4 ./lwip/src/core/tcp.o
 .data.udp_port
                0x1000000c        0x2 ./lwip/src/core/udp.o
                0x10000010                . = ALIGN (0x4)
 *fill*         0x1000000e        0x2 ff
                0x10000010                _edata = .

.igot.plt       0x10000010        0x0 load address 0x00010798
 .igot.plt      0x10000010        0x0 ./src/ROV_Controller_Ethernet.o

.bss_RAM2       0x2007c000        0x0
                [!provide]                PROVIDE (__start_bss_RAM2, .)
 *(.bss.$RAM2*)
 *(.bss.$RamAHB32*)
                0x2007c000                . = ALIGN ((. != 0x0)?0x4:0x1)
                [!provide]                PROVIDE (__end_bss_RAM2, .)

.bss            0x10000010      0x3ec
                0x10000010                _bss = .
 *(.bss*)
 .bss.lpc_netif
                0x10000010       0x38 ./src/ROV_Controller_Ethernet.o
 .bss.prt_ip.8134
                0x10000048        0x4 ./src/ROV_Controller_Ethernet.o
 .bss.tmp_buff.8135
                0x1000004c       0x10 ./src/ROV_Controller_Ethernet.o
 .bss.arp_table
                0x1000005c       0xc8 ./lwip/src/netif/etharp.o
 .bss.etharp_cached_entry
                0x10000124        0x1 ./lwip/src/netif/etharp.o
 *fill*         0x10000125        0x3 
 .bss.current_netif
                0x10000128        0x4 ./lwip/src/core/ipv4/ip.o
                0x10000128                current_netif
 .bss.current_header
                0x1000012c        0x4 ./lwip/src/core/ipv4/ip.o
                0x1000012c                current_header
 .bss.current_iphdr_src
                0x10000130        0x4 ./lwip/src/core/ipv4/ip.o
                0x10000130                current_iphdr_src
 .bss.current_iphdr_dest
                0x10000134        0x4 ./lwip/src/core/ipv4/ip.o
                0x10000134                current_iphdr_dest
 .bss.ip_id     0x10000138        0x2 ./lwip/src/core/ipv4/ip.o
 *fill*         0x1000013a        0x2 
 .bss.reassdatagrams
                0x1000013c        0x4 ./lwip/src/core/ipv4/ip_frag.o
 .bss.ip_reass_pbufcount
                0x10000140        0x2 ./lwip/src/core/ipv4/ip_frag.o
 *fill*         0x10000142        0x2 
 .bss.dhcp_rx_options_val
                0x10000144       0x28 ./lwip/src/core/dhcp.o
                0x10000144                dhcp_rx_options_val
 .bss.dhcp_rx_options_given
                0x1000016c        0xa ./lwip/src/core/dhcp.o
                0x1000016c                dhcp_rx_options_given
 *fill*         0x10000176        0x2 
 .bss.netif_list
                0x10000178        0x4 ./lwip/src/core/netif.o
                0x10000178                netif_list
 .bss.netif_default
                0x1000017c        0x4 ./lwip/src/core/netif.o
                0x1000017c                netif_default
 .bss.netif_num
                0x10000180        0x1 ./lwip/src/core/netif.o
 .bss.pbuf_free_ooseq_pending
                0x10000181        0x1 ./lwip/src/core/pbuf.o
                0x10000181                pbuf_free_ooseq_pending
 *fill*         0x10000182        0x2 
 .bss.raw_pcbs  0x10000184        0x4 ./lwip/src/core/raw.o
 .bss.tcp_ticks
                0x10000188        0x4 ./lwip/src/core/tcp.o
                0x10000188                tcp_ticks
 .bss.tcp_bound_pcbs
                0x1000018c        0x4 ./lwip/src/core/tcp.o
                0x1000018c                tcp_bound_pcbs
 .bss.tcp_listen_pcbs
                0x10000190        0x4 ./lwip/src/core/tcp.o
                0x10000190                tcp_listen_pcbs
 .bss.tcp_active_pcbs
                0x10000194        0x4 ./lwip/src/core/tcp.o
                0x10000194                tcp_active_pcbs
 .bss.tcp_tw_pcbs
                0x10000198        0x4 ./lwip/src/core/tcp.o
                0x10000198                tcp_tw_pcbs
 .bss.tcp_tmp_pcb
                0x1000019c        0x4 ./lwip/src/core/tcp.o
                0x1000019c                tcp_tmp_pcb
 .bss.tcp_active_pcbs_changed
                0x100001a0        0x1 ./lwip/src/core/tcp.o
                0x100001a0                tcp_active_pcbs_changed
 .bss.tcp_timer
                0x100001a1        0x1 ./lwip/src/core/tcp.o
 .bss.tcp_timer_ctr
                0x100001a2        0x1 ./lwip/src/core/tcp.o
 *fill*         0x100001a3        0x1 
 .bss.inseg     0x100001a4       0x14 ./lwip/src/core/tcp_in.o
 .bss.tcphdr    0x100001b8        0x4 ./lwip/src/core/tcp_in.o
 .bss.iphdr     0x100001bc        0x4 ./lwip/src/core/tcp_in.o
 .bss.seqno     0x100001c0        0x4 ./lwip/src/core/tcp_in.o
 .bss.ackno     0x100001c4        0x4 ./lwip/src/core/tcp_in.o
 .bss.flags     0x100001c8        0x1 ./lwip/src/core/tcp_in.o
 *fill*         0x100001c9        0x1 
 .bss.tcplen    0x100001ca        0x2 ./lwip/src/core/tcp_in.o
 .bss.recv_flags
                0x100001cc        0x1 ./lwip/src/core/tcp_in.o
 *fill*         0x100001cd        0x3 
 .bss.recv_data
                0x100001d0        0x4 ./lwip/src/core/tcp_in.o
 .bss.tcp_input_pcb
                0x100001d4        0x4 ./lwip/src/core/tcp_in.o
                0x100001d4                tcp_input_pcb
 .bss.next_timeout
                0x100001d8        0x4 ./lwip/src/core/timers.o
 .bss.timeouts_last_time
                0x100001dc        0x4 ./lwip/src/core/timers.o
 .bss.tcpip_tcp_timer_active
                0x100001e0        0x4 ./lwip/src/core/timers.o
 .bss.udp_pcbs  0x100001e4        0x4 ./lwip/src/core/udp.o
                0x100001e4                udp_pcbs
 .bss.lpc_enetdata
                0x100001e8       0xa0 ./lwip/src/arch/lpc17xx_40xx_emac.o
                0x100001e8                lpc_enetdata
 .bss.saved_period
                0x10000288        0x4 ./lwip/src/arch/lpc17xx_40xx_systick_arch.o
 .bss.systick_timems
                0x1000028c        0x4 ./lwip/src/arch/lpc17xx_40xx_systick_arch.o
 .bss.physts    0x10000290        0x4 C:\Users\Joey\Documents\LPCXpresso_8.2.2_650\MATE_Workspace\LPC1769\lpc_board_nxp_lpcxpresso_1769\Debug\liblpc_board_nxp_lpcxpresso_1769.a(lpc_phy_smsc87x0.o)
 .bss.olddphysts
                0x10000294        0x4 C:\Users\Joey\Documents\LPCXpresso_8.2.2_650\MATE_Workspace\LPC1769\lpc_board_nxp_lpcxpresso_1769\Debug\liblpc_board_nxp_lpcxpresso_1769.a(lpc_phy_smsc87x0.o)
 .bss.phyustate
                0x10000298        0x4 C:\Users\Joey\Documents\LPCXpresso_8.2.2_650\MATE_Workspace\LPC1769\lpc_board_nxp_lpcxpresso_1769\Debug\liblpc_board_nxp_lpcxpresso_1769.a(lpc_phy_smsc87x0.o)
 .bss.pDelayMs  0x1000029c        0x4 C:\Users\Joey\Documents\LPCXpresso_8.2.2_650\MATE_Workspace\LPC1769\lpc_board_nxp_lpcxpresso_1769\Debug\liblpc_board_nxp_lpcxpresso_1769.a(lpc_phy_smsc87x0.o)
 .bss.sts.7543  0x100002a0        0x2 C:\Users\Joey\Documents\LPCXpresso_8.2.2_650\MATE_Workspace\LPC1769\lpc_board_nxp_lpcxpresso_1769\Debug\liblpc_board_nxp_lpcxpresso_1769.a(lpc_phy_smsc87x0.o)
 *fill*         0x100002a2        0x2 
 .bss.phyAddr   0x100002a4        0x4 C:\Users\Joey\Documents\LPCXpresso_8.2.2_650\MATE_Workspace\LPC1769\lpc_chip_175x_6x\Debug\liblpc_chip_175x_6x.a(enet_17xx_40xx.o)
 .bss._extra    0x100002a8        0x4 c:/nxp/lpcxpresso_8.2.2_650/lpcxpresso/tools/bin/../lib/gcc/arm-none-eabi/5.4.1/../../../../arm-none-eabi/lib/armv7-m\libcr_c.a(initio.o)
                0x100002a8                _extra
 .bss.__Ciob    0x100002ac      0x140 c:/nxp/lpcxpresso_8.2.2_650/lpcxpresso/tools/bin/../lib/gcc/arm-none-eabi/5.4.1/../../../../arm-none-eabi/lib/armv7-m\libcr_c.a(stdio.o)
                0x100002ac                __Ciob
 .bss.__heaps   0x100003ec        0x4 c:/nxp/lpcxpresso_8.2.2_650/lpcxpresso/tools/bin/../lib/gcc/arm-none-eabi/5.4.1/../../../../arm-none-eabi/lib/armv7-m\libcr_c.a(__init_alloc.o)
                0x100003ec                __heaps
 .bss.__end_of_heap
                0x100003f0        0x4 c:/nxp/lpcxpresso_8.2.2_650/lpcxpresso/tools/bin/../lib/gcc/arm-none-eabi/5.4.1/../../../../arm-none-eabi/lib/armv7-m\libcr_c.a(__init_alloc.o)
                0x100003f0                __end_of_heap
 .bss.errno     0x100003f4        0x4 c:/nxp/lpcxpresso_8.2.2_650/lpcxpresso/tools/bin/../lib/gcc/arm-none-eabi/5.4.1/../../../../arm-none-eabi/lib/armv7-m\libcr_c.a(errno.o)
                0x100003f4                errno
 *(COMMON)
 COMMON         0x100003f8        0x4 C:\Users\Joey\Documents\LPCXpresso_8.2.2_650\MATE_Workspace\LPC1769\lpc_chip_175x_6x\Debug\liblpc_chip_175x_6x.a(chip_17xx_40xx.o)
                0x100003f8                SystemCoreClock
                0x100003fc                . = ALIGN (0x4)
                0x100003fc                _ebss = .
                [!provide]                PROVIDE (end, .)

.noinit_RAM2    0x2007c000        0x0
 *(.noinit.$RAM2*)
 *(.noinit.$RamAHB32*)
                0x2007c000                . = ALIGN (0x4)

.noinit         0x100003fc        0x0
                0x100003fc                _noinit = .
 *(.noinit*)
                0x100003fc                . = ALIGN (0x4)
                0x100003fc                _end_noinit = .
                0x100003fc                PROVIDE (_pvHeapStart, DEFINED (__user_heap_base)?__user_heap_base:.)
                0x10008000                PROVIDE (_vStackTop, DEFINED (__user_stack_top)?__user_stack_top:(__top_RamLoc32 - 0x0))
                0xefff74c6                PROVIDE (__valid_user_code_checksum, (0x0 - ((((((_vStackTop + (ResetISR + 0x1)) + (NMI_Handler + 0x1)) + (HardFault_Handler + 0x1)) + (DEFINED (MemManage_Handler)?MemManage_Handler:0x0 + 0x1)) + (DEFINED (BusFault_Handler)?BusFault_Handler:0x0 + 0x1)) + (DEFINED (UsageFault_Handler)?UsageFault_Handler:0x0 + 0x1))))
OUTPUT(ROV_Controller_Ethernet.axf elf32-littlearm)

.debug_info     0x00000000    0x13ab5
 .debug_info    0x00000000      0xb80 ./src/ROV_Controller_Ethernet.o
 .debug_info    0x00000b80      0x253 ./src/cr_startup_lpc175x_6x.o
 .debug_info    0x00000dd3       0x3f ./src/crp.o
 .debug_info    0x00000e12      0xf93 ./src/httpd.o
 .debug_info    0x00001da5      0x4a8 ./src/lwip_fs.o
 .debug_info    0x0000224d      0xe9d ./lwip/src/netif/etharp.o
 .debug_info    0x000030ea      0x65d ./lwip/src/core/ipv4/icmp.o
 .debug_info    0x00003747      0x3ee ./lwip/src/core/ipv4/inet_chksum.o
 .debug_info    0x00003b35      0x9dc ./lwip/src/core/ipv4/ip.o
 .debug_info    0x00004511      0x59c ./lwip/src/core/ipv4/ip_addr.o
 .debug_info    0x00004aad      0xa7d ./lwip/src/core/ipv4/ip_frag.o
 .debug_info    0x0000552a      0x137 ./lwip/src/core/def.o
 .debug_info    0x00005661     0x119f ./lwip/src/core/dhcp.o
 .debug_info    0x00006800       0x97 ./lwip/src/core/init.o
 .debug_info    0x00006897      0x10d ./lwip/src/core/memp.o
 .debug_info    0x000069a4      0xf21 ./lwip/src/core/netif.o
 .debug_info    0x000078c5      0xf92 ./lwip/src/core/pbuf.o
 .debug_info    0x00008857      0x78d ./lwip/src/core/raw.o
 .debug_info    0x00008fe4     0x1464 ./lwip/src/core/tcp.o
 .debug_info    0x0000a448      0xdb4 ./lwip/src/core/tcp_in.o
 .debug_info    0x0000b1fc     0x1161 ./lwip/src/core/tcp_out.o
 .debug_info    0x0000c35d      0x98a ./lwip/src/core/timers.o
 .debug_info    0x0000cce7      0xd49 ./lwip/src/core/udp.o
 .debug_info    0x0000da30     0x13c1 ./lwip/src/arch/lpc17xx_40xx_emac.o
 .debug_info    0x0000edf1      0x72e ./lwip/src/arch/lpc17xx_40xx_systick_arch.o
 .debug_info    0x0000f51f       0x88 ./lwip/src/arch/lpc_debug.o
 .debug_info    0x0000f5a7     0x13c8 C:\Users\Joey\Documents\LPCXpresso_8.2.2_650\MATE_Workspace\LPC1769\lpc_board_nxp_lpcxpresso_1769\Debug\liblpc_board_nxp_lpcxpresso_1769.a(board.o)
 .debug_info    0x0001096f      0x6fa C:\Users\Joey\Documents\LPCXpresso_8.2.2_650\MATE_Workspace\LPC1769\lpc_board_nxp_lpcxpresso_1769\Debug\liblpc_board_nxp_lpcxpresso_1769.a(lpc_phy_smsc87x0.o)
 .debug_info    0x00011069      0x51e C:\Users\Joey\Documents\LPCXpresso_8.2.2_650\MATE_Workspace\LPC1769\lpc_chip_175x_6x\Debug\liblpc_chip_175x_6x.a(chip_17xx_40xx.o)
 .debug_info    0x00011587      0xb62 C:\Users\Joey\Documents\LPCXpresso_8.2.2_650\MATE_Workspace\LPC1769\lpc_chip_175x_6x\Debug\liblpc_chip_175x_6x.a(clock_17xx_40xx.o)
 .debug_info    0x000120e9      0xaf2 C:\Users\Joey\Documents\LPCXpresso_8.2.2_650\MATE_Workspace\LPC1769\lpc_chip_175x_6x\Debug\liblpc_chip_175x_6x.a(enet_17xx_40xx.o)
 .debug_info    0x00012bdb      0xeda C:\Users\Joey\Documents\LPCXpresso_8.2.2_650\MATE_Workspace\LPC1769\lpc_chip_175x_6x\Debug\liblpc_chip_175x_6x.a(uart_17xx_40xx.o)

.debug_abbrev   0x00000000     0x3a7a
 .debug_abbrev  0x00000000      0x1c0 ./src/ROV_Controller_Ethernet.o
 .debug_abbrev  0x000001c0       0xf5 ./src/cr_startup_lpc175x_6x.o
 .debug_abbrev  0x000002b5       0x36 ./src/crp.o
 .debug_abbrev  0x000002eb      0x1fa ./src/httpd.o
 .debug_abbrev  0x000004e5      0x1f4 ./src/lwip_fs.o
 .debug_abbrev  0x000006d9      0x20d ./lwip/src/netif/etharp.o
 .debug_abbrev  0x000008e6      0x1bd ./lwip/src/core/ipv4/icmp.o
 .debug_abbrev  0x00000aa3      0x12a ./lwip/src/core/ipv4/inet_chksum.o
 .debug_abbrev  0x00000bcd      0x19c ./lwip/src/core/ipv4/ip.o
 .debug_abbrev  0x00000d69      0x1a4 ./lwip/src/core/ipv4/ip_addr.o
 .debug_abbrev  0x00000f0d      0x216 ./lwip/src/core/ipv4/ip_frag.o
 .debug_abbrev  0x00001123       0x9b ./lwip/src/core/def.o
 .debug_abbrev  0x000011be      0x207 ./lwip/src/core/dhcp.o
 .debug_abbrev  0x000013c5       0x45 ./lwip/src/core/init.o
 .debug_abbrev  0x0000140a       0x78 ./lwip/src/core/memp.o
 .debug_abbrev  0x00001482      0x25e ./lwip/src/core/netif.o
 .debug_abbrev  0x000016e0      0x26a ./lwip/src/core/pbuf.o
 .debug_abbrev  0x0000194a      0x1d4 ./lwip/src/core/raw.o
 .debug_abbrev  0x00001b1e      0x2e3 ./lwip/src/core/tcp.o
 .debug_abbrev  0x00001e01      0x228 ./lwip/src/core/tcp_in.o
 .debug_abbrev  0x00002029      0x290 ./lwip/src/core/tcp_out.o
 .debug_abbrev  0x000022b9      0x1ef ./lwip/src/core/timers.o
 .debug_abbrev  0x000024a8      0x22d ./lwip/src/core/udp.o
 .debug_abbrev  0x000026d5      0x2e8 ./lwip/src/arch/lpc17xx_40xx_emac.o
 .debug_abbrev  0x000029bd      0x206 ./lwip/src/arch/lpc17xx_40xx_systick_arch.o
 .debug_abbrev  0x00002bc3       0x45 ./lwip/src/arch/lpc_debug.o
 .debug_abbrev  0x00002c08      0x352 C:\Users\Joey\Documents\LPCXpresso_8.2.2_650\MATE_Workspace\LPC1769\lpc_board_nxp_lpcxpresso_1769\Debug\liblpc_board_nxp_lpcxpresso_1769.a(board.o)
 .debug_abbrev  0x00002f5a      0x1b0 C:\Users\Joey\Documents\LPCXpresso_8.2.2_650\MATE_Workspace\LPC1769\lpc_board_nxp_lpcxpresso_1769\Debug\liblpc_board_nxp_lpcxpresso_1769.a(lpc_phy_smsc87x0.o)
 .debug_abbrev  0x0000310a      0x13c C:\Users\Joey\Documents\LPCXpresso_8.2.2_650\MATE_Workspace\LPC1769\lpc_chip_175x_6x\Debug\liblpc_chip_175x_6x.a(chip_17xx_40xx.o)
 .debug_abbrev  0x00003246      0x2ec C:\Users\Joey\Documents\LPCXpresso_8.2.2_650\MATE_Workspace\LPC1769\lpc_chip_175x_6x\Debug\liblpc_chip_175x_6x.a(clock_17xx_40xx.o)
 .debug_abbrev  0x00003532      0x260 C:\Users\Joey\Documents\LPCXpresso_8.2.2_650\MATE_Workspace\LPC1769\lpc_chip_175x_6x\Debug\liblpc_chip_175x_6x.a(enet_17xx_40xx.o)
 .debug_abbrev  0x00003792      0x2e8 C:\Users\Joey\Documents\LPCXpresso_8.2.2_650\MATE_Workspace\LPC1769\lpc_chip_175x_6x\Debug\liblpc_chip_175x_6x.a(uart_17xx_40xx.o)

.debug_aranges  0x00000000     0x1080
 .debug_aranges
                0x00000000       0x38 ./src/ROV_Controller_Ethernet.o
 .debug_aranges
                0x00000038       0x80 ./src/cr_startup_lpc175x_6x.o
 .debug_aranges
                0x000000b8       0x18 ./src/crp.o
 .debug_aranges
                0x000000d0       0xa8 ./src/httpd.o
 .debug_aranges
                0x00000178       0x50 ./src/lwip_fs.o
 .debug_aranges
                0x000001c8       0x88 ./lwip/src/netif/etharp.o
 .debug_aranges
                0x00000250       0x38 ./lwip/src/core/ipv4/icmp.o
 .debug_aranges
                0x00000288       0x48 ./lwip/src/core/ipv4/inet_chksum.o
 .debug_aranges
                0x000002d0       0x38 ./lwip/src/core/ipv4/ip.o
 .debug_aranges
                0x00000308       0x48 ./lwip/src/core/ipv4/ip_addr.o
 .debug_aranges
                0x00000350       0x70 ./lwip/src/core/ipv4/ip_frag.o
 .debug_aranges
                0x000003c0       0x38 ./lwip/src/core/def.o
 .debug_aranges
                0x000003f8      0x130 ./lwip/src/core/dhcp.o
 .debug_aranges
                0x00000528       0x20 ./lwip/src/core/init.o
 .debug_aranges
                0x00000548       0x18 ./lwip/src/core/memp.o
 .debug_aranges
                0x00000560       0x80 ./lwip/src/core/netif.o
 .debug_aranges
                0x000005e0       0xc0 ./lwip/src/core/pbuf.o
 .debug_aranges
                0x000006a0       0x58 ./lwip/src/core/raw.o
 .debug_aranges
                0x000006f8      0x140 ./lwip/src/core/tcp.o
 .debug_aranges
                0x00000838       0x50 ./lwip/src/core/tcp_in.o
 .debug_aranges
                0x00000888       0xa0 ./lwip/src/core/tcp_out.o
 .debug_aranges
                0x00000928       0x70 ./lwip/src/core/timers.o
 .debug_aranges
                0x00000998       0x90 ./lwip/src/core/udp.o
 .debug_aranges
                0x00000a28      0x128 ./lwip/src/arch/lpc17xx_40xx_emac.o
 .debug_aranges
                0x00000b50       0x58 ./lwip/src/arch/lpc17xx_40xx_systick_arch.o
 .debug_aranges
                0x00000ba8       0x20 ./lwip/src/arch/lpc_debug.o
 .debug_aranges
                0x00000bc8      0x148 C:\Users\Joey\Documents\LPCXpresso_8.2.2_650\MATE_Workspace\LPC1769\lpc_board_nxp_lpcxpresso_1769\Debug\liblpc_board_nxp_lpcxpresso_1769.a(board.o)
 .debug_aranges
                0x00000d10       0x48 C:\Users\Joey\Documents\LPCXpresso_8.2.2_650\MATE_Workspace\LPC1769\lpc_board_nxp_lpcxpresso_1769\Debug\liblpc_board_nxp_lpcxpresso_1769.a(lpc_phy_smsc87x0.o)
 .debug_aranges
                0x00000d58       0x38 C:\Users\Joey\Documents\LPCXpresso_8.2.2_650\MATE_Workspace\LPC1769\lpc_chip_175x_6x\Debug\liblpc_chip_175x_6x.a(chip_17xx_40xx.o)
 .debug_aranges
                0x00000d90      0x120 C:\Users\Joey\Documents\LPCXpresso_8.2.2_650\MATE_Workspace\LPC1769\lpc_chip_175x_6x\Debug\liblpc_chip_175x_6x.a(clock_17xx_40xx.o)
 .debug_aranges
                0x00000eb0       0xa8 C:\Users\Joey\Documents\LPCXpresso_8.2.2_650\MATE_Workspace\LPC1769\lpc_chip_175x_6x\Debug\liblpc_chip_175x_6x.a(enet_17xx_40xx.o)
 .debug_aranges
                0x00000f58      0x128 C:\Users\Joey\Documents\LPCXpresso_8.2.2_650\MATE_Workspace\LPC1769\lpc_chip_175x_6x\Debug\liblpc_chip_175x_6x.a(uart_17xx_40xx.o)

.debug_ranges   0x00000000      0xf00
 .debug_ranges  0x00000000       0x28 ./src/ROV_Controller_Ethernet.o
 .debug_ranges  0x00000028       0x70 ./src/cr_startup_lpc175x_6x.o
 .debug_ranges  0x00000098       0x98 ./src/httpd.o
 .debug_ranges  0x00000130       0x40 ./src/lwip_fs.o
 .debug_ranges  0x00000170       0x78 ./lwip/src/netif/etharp.o
 .debug_ranges  0x000001e8       0x40 ./lwip/src/core/ipv4/icmp.o
 .debug_ranges  0x00000228       0x38 ./lwip/src/core/ipv4/inet_chksum.o
 .debug_ranges  0x00000260       0x28 ./lwip/src/core/ipv4/ip.o
 .debug_ranges  0x00000288       0x38 ./lwip/src/core/ipv4/ip_addr.o
 .debug_ranges  0x000002c0       0x60 ./lwip/src/core/ipv4/ip_frag.o
 .debug_ranges  0x00000320       0x28 ./lwip/src/core/def.o
 .debug_ranges  0x00000348      0x120 ./lwip/src/core/dhcp.o
 .debug_ranges  0x00000468       0x10 ./lwip/src/core/init.o
 .debug_ranges  0x00000478       0x88 ./lwip/src/core/netif.o
 .debug_ranges  0x00000500       0xb0 ./lwip/src/core/pbuf.o
 .debug_ranges  0x000005b0       0x48 ./lwip/src/core/raw.o
 .debug_ranges  0x000005f8      0x130 ./lwip/src/core/tcp.o
 .debug_ranges  0x00000728       0x40 ./lwip/src/core/tcp_in.o
 .debug_ranges  0x00000768       0xf0 ./lwip/src/core/tcp_out.o
 .debug_ranges  0x00000858       0x60 ./lwip/src/core/timers.o
 .debug_ranges  0x000008b8       0x80 ./lwip/src/core/udp.o
 .debug_ranges  0x00000938      0x118 ./lwip/src/arch/lpc17xx_40xx_emac.o
 .debug_ranges  0x00000a50       0x48 ./lwip/src/arch/lpc17xx_40xx_systick_arch.o
 .debug_ranges  0x00000a98       0x10 ./lwip/src/arch/lpc_debug.o
 .debug_ranges  0x00000aa8      0x138 C:\Users\Joey\Documents\LPCXpresso_8.2.2_650\MATE_Workspace\LPC1769\lpc_board_nxp_lpcxpresso_1769\Debug\liblpc_board_nxp_lpcxpresso_1769.a(board.o)
 .debug_ranges  0x00000be0       0x38 C:\Users\Joey\Documents\LPCXpresso_8.2.2_650\MATE_Workspace\LPC1769\lpc_board_nxp_lpcxpresso_1769\Debug\liblpc_board_nxp_lpcxpresso_1769.a(lpc_phy_smsc87x0.o)
 .debug_ranges  0x00000c18       0x28 C:\Users\Joey\Documents\LPCXpresso_8.2.2_650\MATE_Workspace\LPC1769\lpc_chip_175x_6x\Debug\liblpc_chip_175x_6x.a(chip_17xx_40xx.o)
 .debug_ranges  0x00000c40      0x110 C:\Users\Joey\Documents\LPCXpresso_8.2.2_650\MATE_Workspace\LPC1769\lpc_chip_175x_6x\Debug\liblpc_chip_175x_6x.a(clock_17xx_40xx.o)
 .debug_ranges  0x00000d50       0x98 C:\Users\Joey\Documents\LPCXpresso_8.2.2_650\MATE_Workspace\LPC1769\lpc_chip_175x_6x\Debug\liblpc_chip_175x_6x.a(enet_17xx_40xx.o)
 .debug_ranges  0x00000de8      0x118 C:\Users\Joey\Documents\LPCXpresso_8.2.2_650\MATE_Workspace\LPC1769\lpc_chip_175x_6x\Debug\liblpc_chip_175x_6x.a(uart_17xx_40xx.o)

.debug_macro    0x00000000     0xa41f
 .debug_macro   0x00000000      0x380 ./src/ROV_Controller_Ethernet.o
 .debug_macro   0x00000380      0x892 ./src/ROV_Controller_Ethernet.o
 .debug_macro   0x00000c12      0x106 ./src/ROV_Controller_Ethernet.o
 .debug_macro   0x00000d18       0x10 ./src/ROV_Controller_Ethernet.o
 .debug_macro   0x00000d28      0x12d ./src/ROV_Controller_Ethernet.o
 .debug_macro   0x00000e55       0x28 ./src/ROV_Controller_Ethernet.o
 .debug_macro   0x00000e7d       0x16 ./src/ROV_Controller_Ethernet.o
 .debug_macro   0x00000e93      0x5b2 ./src/ROV_Controller_Ethernet.o
 .debug_macro   0x00001445       0x9a ./src/ROV_Controller_Ethernet.o
 .debug_macro   0x000014df       0x6a ./src/ROV_Controller_Ethernet.o
 .debug_macro   0x00001549      0x343 ./src/ROV_Controller_Ethernet.o
 .debug_macro   0x0000188c       0x5e ./src/ROV_Controller_Ethernet.o
 .debug_macro   0x000018ea      0x4ee ./src/ROV_Controller_Ethernet.o
 .debug_macro   0x00001dd8       0x40 ./src/ROV_Controller_Ethernet.o
 .debug_macro   0x00001e18       0xc5 ./src/ROV_Controller_Ethernet.o
 .debug_macro   0x00001edd       0x10 ./src/ROV_Controller_Ethernet.o