14:14:40 **** Incremental Build of configuration Debug for project lpc_board_nxp_lpcxpresso_1769 ****
make -r all 
make: Nothing to be done for `all'.
14:14:41 **** Incremental Build of configuration Debug for project lpc_chip_175x_6x ****
make -r all 
make: Nothing to be done for `all'.
14:14:42 **** Incremental Build of configuration Debug for project ROV_Controller_Prototype ****
make -r all 
Building file: ../src/ROV_Controller_Prototype.c
Invoking: MCU C Compiler
arm-none-eabi-gcc -DDEBUG -D__CODE_RED -DCORE_M3 -D__USE_LPCOPEN -D__USE_CMSIS_DSPLIB=CMSIS_DSPLIB_CM3 -D__LPC17XX__ -D__REDLIB__ -I"C:\Users\Joey\Documents\LPCXpresso_8.2.2_650\MATE_Workspace\LPC1769\lpc_board_nxp_lpcxpresso_1769\inc" -I"C:\Users\Joey\Documents\LPCXpresso_8.2.2_650\MATE_Workspace\LPC1769\lpc_chip_175x_6x\inc" -I"C:\Users\Joey\Documents\LPCXpresso_8.2.2_650\MATE_Workspace\LPC1769\CMSIS_DSPLIB_CM3\inc" -O0 -fno-common -g3 -Wall -c -fmessage-length=0 -fno-builtin -ffunction-sections -fdata-sections -mcpu=cortex-m3 -mthumb -specs=redlib.specs -MMD -MP -MF"src/ROV_Controller_Prototype.d" -MT"src/ROV_Controller_Prototype.o" -MT"src/ROV_Controller_Prototype.d" -o "src/ROV_Controller_Prototype.o" "../src/ROV_Controller_Prototype.c"
Finished building: ../src/ROV_Controller_Prototype.c
 
Building target: ROV_Controller_Prototype.axf
Invoking: MCU Linker
arm-none-eabi-gcc -nostdlib -L"C:\Users\Joey\Documents\LPCXpresso_8.2.2_650\MATE_Workspace\LPC1769\lpc_board_nxp_lpcxpresso_1769\Debug" -L"C:\Users\Joey\Documents\LPCXpresso_8.2.2_650\MATE_Workspace\LPC1769\lpc_chip_175x_6x\Debug" -L"C:\Users\Joey\Documents\LPCXpresso_8.2.2_650\MATE_Workspace\LPC1769\CMSIS_DSPLIB_CM3\lib" -Xlinker -Map="ROV_Controller_Prototype.map" -Xlinker --gc-sections -Xlinker -print-memory-usage -mcpu=cortex-m3 -mthumb -T "ROV_Controller_Prototype_Debug.ld" -o "ROV_Controller_Prototype.axf"  ./src/ROV_Controller_Prototype.o ./src/cr_startup_lpc175x_6x.o ./src/crp.o ./src/sysinit.o   -llpc_board_nxp_lpcxpresso_1769 -llpc_chip_175x_6x -lCMSIS_DSPLIB_CM3
Memory region         Used Size  Region Size  %age Used
       MFlash512:        8168 B       512 KB      1.56%
        RamLoc32:         320 B        32 KB      0.98%
        RamAHB32:          0 GB        32 KB      0.00%
Finished building target: ROV_Controller_Prototype.axf
 
make --no-print-directory post-build
Performing post-build steps
arm-none-eabi-size "ROV_Controller_Prototype.axf"; # arm-none-eabi-objcopy -v -O binary "ROV_Controller_Prototype.axf" "ROV_Controller_Prototype.bin" ; # checksum -p LPC1769 -d "ROV_Controller_Prototype.bin";
   text	   data	    bss	    dec	    hex	filename
   8104	     64	    256	   8424	   20e8	ROV_Controller_Prototype.axf
 
14:36:29 **** Incremental Build of configuration Debug for project ROV_Controller_Prototype ****
make -r all 
make: Nothing to be done for `all'.
15:34:33 **** Incremental Build of configuration Debug for project ROV_Controller_Prototype ****
make -r all 
Building file: ../src/ROV_Controller_Prototype.c
Invoking: MCU C Compiler
arm-none-eabi-gcc -DDEBUG -D__CODE_RED -DCORE_M3 -D__USE_LPCOPEN -D__USE_CMSIS_DSPLIB=CMSIS_DSPLIB_CM3 -D__LPC17XX__ -D__REDLIB__ -I"C:\Users\Joey\Documents\LPCXpresso_8.2.2_650\MATE_Workspace\LPC1769\lpc_board_nxp_lpcxpresso_1769\inc" -I"C:\Users\Joey\Documents\LPCXpresso_8.2.2_650\MATE_Workspace\LPC1769\lpc_chip_175x_6x\inc" -I"C:\Users\Joey\Documents\LPCXpresso_8.2.2_650\MATE_Workspace\LPC1769\CMSIS_DSPLIB_CM3\inc" -O0 -fno-common -g3 -Wall -c -fmessage-length=0 -fno-builtin -ffunction-sections -fdata-sections -mcpu=cortex-m3 -mthumb -specs=redlib.specs -MMD -MP -MF"src/ROV_Controller_Prototype.d" -MT"src/ROV_Controller_Prototype.o" -MT"src/ROV_Controller_Prototype.d" -o "src/ROV_Controller_Prototype.o" "../src/ROV_Controller_Prototype.c"
Finished building: ../src/ROV_Controller_Prototype.c
 
Building target: ROV_Controller_Prototype.axf
Invoking: MCU Linker
arm-none-eabi-gcc -nostdlib -L"C:\Users\Joey\Documents\LPCXpresso_8.2.2_650\MATE_Workspace\LPC1769\lpc_board_nxp_lpcxpresso_1769\Debug" -L"C:\Users\Joey\Documents\LPCXpresso_8.2.2_650\MATE_Workspace\LPC1769\lpc_chip_175x_6x\Debug" -L"C:\Users\Joey\Documents\LPCXpresso_8.2.2_650\MATE_Workspace\LPC1769\CMSIS_DSPLIB_CM3\lib" -Xlinker -Map="ROV_Controller_Prototype.map" -Xlinker --gc-sections -Xlinker -print-memory-usage -mcpu=cortex-m3 -mthumb -T "ROV_Controller_Prototype_Debug.ld" -o "ROV_Controller_Prototype.axf"  ./src/ROV_Controller_Prototype.o ./src/cr_startup_lpc175x_6x.o ./src/crp.o ./src/sysinit.o   -llpc_board_nxp_lpcxpresso_1769 -llpc_chip_175x_6x -lCMSIS_DSPLIB_CM3
Memory region         Used Size  Region Size  %age Used
       MFlash512:        8168 B       512 KB      1.56%
        RamLoc32:         320 B        32 KB      0.98%
        RamAHB32:          0 GB        32 KB      0.00%
Finished building target: ROV_Controller_Prototype.axf
 
make --no-print-directory post-build
Performing post-build steps
arm-none-eabi-size "ROV_Controller_Prototype.axf"; # arm-none-eabi-objcopy -v -O binary "ROV_Controller_Prototype.axf" "ROV_Controller_Prototype.bin" ; # checksum -p LPC1769 -d "ROV_Controller_Prototype.bin";
   text	   data	    bss	    dec	    hex	filename
   8104	     64	    256	   8424	   20e8	ROV_Controller_Prototype.axf
 
18:45:00 **** Build of configuration Debug for project lpc_board_nxp_lpcxpresso_1769 ****
make -r all 
make: Nothing to be done for `all'.
18:45:02 **** Build of configuration Debug for project lpc_chip_175x_6x ****
make -r all 
make: Nothing to be done for `all'.
18:45:04 **** Build of configuration Debug for project ROV_Controller_Prototype ****
make -r all 
Building file: ../src/ROV_Controller_Prototype.c
Invoking: MCU C Compiler
arm-none-eabi-gcc -DDEBUG -D__CODE_RED -DCORE_M3 -D__USE_LPCOPEN -D__USE_CMSIS_DSPLIB=CMSIS_DSPLIB_CM3 -D__LPC17XX__ -D__REDLIB__ -I"C:\Users\Joey\Documents\LPCXpresso_8.2.2_650\MATE_Workspace\LPC1769\lpc_board_nxp_lpcxpresso_1769\inc" -I"C:\Users\Joey\Documents\LPCXpresso_8.2.2_650\MATE_Workspace\LPC1769\lpc_chip_175x_6x\inc" -I"C:\Users\Joey\Documents\LPCXpresso_8.2.2_650\MATE_Workspace\LPC1769\CMSIS_DSPLIB_CM3\inc" -O0 -fno-common -g3 -Wall -c -fmessage-length=0 -fno-builtin -ffunction-sections -fdata-sections -mcpu=cortex-m3 -mthumb -specs=redlib.specs -MMD -MP -MF"src/ROV_Controller_Prototype.d" -MT"src/ROV_Controller_Prototype.o" -MT"src/ROV_Controller_Prototype.d" -o "src/ROV_Controller_Prototype.o" "../src/ROV_Controller_Prototype.c"
Finished building: ../src/ROV_Controller_Prototype.c
 
Building target: ROV_Controller_Prototype.axf
Invoking: MCU Linker
arm-none-eabi-gcc -nostdlib -L"C:\Users\Joey\Documents\LPCXpresso_8.2.2_650\MATE_Workspace\LPC1769\lpc_board_nxp_lpcxpresso_1769\Debug" -L"C:\Users\Joey\Documents\LPCXpresso_8.2.2_650\MATE_Workspace\LPC1769\lpc_chip_175x_6x\Debug" -L"C:\Users\Joey\Documents\LPCXpresso_8.2.2_650\MATE_Workspace\LPC1769\CMSIS_DSPLIB_CM3\lib" -Xlinker -Map="ROV_Controller_Prototype.map" -Xlinker --gc-sections -Xlinker -print-memory-usage -mcpu=cortex-m3 -mthumb -T "ROV_Controller_Prototype_Debug.ld" -o "ROV_Controller_Prototype.axf"  ./src/ROV_Controller_Prototype.o ./src/cr_startup_lpc175x_6x.o ./src/crp.o ./src/sysinit.o   -llpc_board_nxp_lpcxpresso_1769 -llpc_chip_175x_6x -lCMSIS_DSPLIB_CM3
Memory region         Used Size  Region Size  %age Used
       MFlash512:        8168 B       512 KB      1.56%
        RamLoc32:         320 B        32 KB      0.98%
        RamAHB32:          0 GB        32 KB      0.00%
Finished building target: ROV_Controller_Prototype.axf
 
make --no-print-directory post-build
Performing post-build steps
arm-none-eabi-size "ROV_Controller_Prototype.axf"; # arm-none-eabi-objcopy -v -O binary "ROV_Controller_Prototype.axf" "ROV_Controller_Prototype.bin" ; # checksum -p LPC1769 -d "ROV_Controller_Prototype.bin";
   text	   data	    bss	    dec	    hex	filename
   8104	     64	    256	   8424	   20e8	ROV_Controller_Prototype.axf
 
18:45:06 **** Incremental Build of configuration Debug for project ROV_Controller_Prototype ****
make -r all 
make: Nothing to be done for `all'.
10:58:16 **** Incremental Build of configuration Debug for project lpc_board_nxp_lpcxpresso_1769 ****
make -r all 
make: Nothing to be done for `all'.
10:58:21 **** Incremental Build of configuration Debug for project lpc_chip_175x_6x ****
make -r all 
make: Nothing to be done for `all'.
10:58:25 **** Incremental Build of configuration Debug for project ROV_Controller_Prototype ****
make -r all 
Building target: ROV_Controller_Prototype.axf
Invoking: MCU Linker
arm-none-eabi-gcc -nostdlib -L"C:\Users\Joey\Documents\LPCXpresso_8.2.2_650\MATE_Workspace\LPC1769\lpc_board_nxp_lpcxpresso_1769\Debug" -L"C:\Users\Joey\Documents\LPCXpresso_8.2.2_650\MATE_Workspace\LPC1769\lpc_chip_175x_6x\Debug" -L"C:\Users\Joey\Documents\LPCXpresso_8.2.2_650\MATE_Workspace\LPC1769\CMSIS_DSPLIB_CM3\lib" -Xlinker -Map="ROV_Controller_Prototype.map" -Xlinker --gc-sections -Xlinker -print-memory-usage -mcpu=cortex-m3 -mthumb -T "ROV_Controller_Prototype_Debug.ld" -o "ROV_Controller_Prototype.axf"  ./src/ROV_Controller_Prototype.o ./src/cr_startup_lpc175x_6x.o ./src/crp.o ./src/sysinit.o   -llpc_board_nxp_lpcxpresso_1769 -llpc_chip_175x_6x -lCMSIS_DSPLIB_CM3
Memory region         Used Size  Region Size  %age Used
       MFlash512:        8168 B       512 KB      1.56%
        RamLoc32:         320 B        32 KB      0.98%
        RamAHB32:          0 GB        32 KB      0.00%
Finished building target: ROV_Controller_Prototype.axf
 
make --no-print-directory post-build
Performing post-build steps
arm-none-eabi-size "ROV_Controller_Prototype.axf"; # arm-none-eabi-objcopy -v -O binary "ROV_Controller_Prototype.axf" "ROV_Controller_Prototype.bin" ; # checksum -p LPC1769 -d "ROV_Controller_Prototype.bin";
   text	   data	    bss	    dec	    hex	filename
   8104	     64	    256	   8424	   20e8	ROV_Controller_Prototype.axf
 
10:59:10 **** Incremental Build of configuration Debug for project lpc_board_nxp_lpcxpresso_1769 ****
make -r all 
make: Nothing to be done for `all'.
10:59:10 **** Incremental Build of configuration Debug for project lpc_chip_175x_6x ****
make -r all 
make: Nothing to be done for `all'.
10:59:11 **** Incremental Build of configuration Debug for project ROV_Controller_Prototype ****
make -r all 
make: Nothing to be done for `all'.
10:59:13 **** Incremental Build of configuration Debug for project ROV_Controller_Prototype ****
make -r all 
make: Nothing to be done for `all'.
