15:20:34 **** Incremental Build of configuration Debug for project lpc_board_nxp_lpcxpresso_1769 ****
make -r all 
make: Nothing to be done for `all'.
15:20:35 **** Incremental Build of configuration Debug for project lpc_chip_175x_6x ****
make -r all 
make: Nothing to be done for `all'.
15:20:37 **** Incremental Build of configuration Debug for project webserver ****
make -r all 
Building file: ../lwip/src/netif/etharp.c
Invoking: MCU C Compiler
arm-none-eabi-gcc -D__REDLIB__ -DDEBUG -D__CODE_RED -D__USE_LPCOPEN -DCORE_M3 -I"C:\Users\Joey\Documents\LPCXpresso_8.2.2_650\MATE_Workspace\LPC1769\lpc_chip_175x_6x\inc" -I"C:\Users\Joey\Documents\LPCXpresso_8.2.2_650\MATE_Workspace\LPC1769\lpc_board_nxp_lpcxpresso_1769\inc" -I"C:\Users\Joey\Documents\LPCXpresso_8.2.2_650\MATE_Workspace\LPC1769\webserver\example\inc" -I"C:\Users\Joey\Documents\LPCXpresso_8.2.2_650\MATE_Workspace\LPC1769\webserver\lwip\inc" -I"C:\Users\Joey\Documents\LPCXpresso_8.2.2_650\MATE_Workspace\LPC1769\webserver\lwip\inc\ipv4" -O0 -g3 -Wall -c -fmessage-length=0 -fno-builtin -ffunction-sections -fdata-sections -mcpu=cortex-m3 -mthumb -specs=redlib.specs -MMD -MP -MF"lwip/src/netif/etharp.d" -MT"lwip/src/netif/etharp.o" -MT"lwip/src/netif/etharp.d" -o "lwip/src/netif/etharp.o" "../lwip/src/netif/etharp.c"
Finished building: ../lwip/src/netif/etharp.c
 
Building file: ../lwip/src/core/ipv4/icmp.c
Invoking: MCU C Compiler
arm-none-eabi-gcc -D__REDLIB__ -DDEBUG -D__CODE_RED -D__USE_LPCOPEN -DCORE_M3 -I"C:\Users\Joey\Documents\LPCXpresso_8.2.2_650\MATE_Workspace\LPC1769\lpc_chip_175x_6x\inc" -I"C:\Users\Joey\Documents\LPCXpresso_8.2.2_650\MATE_Workspace\LPC1769\lpc_board_nxp_lpcxpresso_1769\inc" -I"C:\Users\Joey\Documents\LPCXpresso_8.2.2_650\MATE_Workspace\LPC1769\webserver\example\inc" -I"C:\Users\Joey\Documents\LPCXpresso_8.2.2_650\MATE_Workspace\LPC1769\webserver\lwip\inc" -I"C:\Users\Joey\Documents\LPCXpresso_8.2.2_650\MATE_Workspace\LPC1769\webserver\lwip\inc\ipv4" -O0 -g3 -Wall -c -fmessage-length=0 -fno-builtin -ffunction-sections -fdata-sections -mcpu=cortex-m3 -mthumb -specs=redlib.specs -MMD -MP -MF"lwip/src/core/ipv4/icmp.d" -MT"lwip/src/core/ipv4/icmp.o" -MT"lwip/src/core/ipv4/icmp.d" -o "lwip/src/core/ipv4/icmp.o" "../lwip/src/core/ipv4/icmp.c"
Finished building: ../lwip/src/core/ipv4/icmp.c
 
Building file: ../lwip/src/core/ipv4/inet.c
Invoking: MCU C Compiler
arm-none-eabi-gcc -D__REDLIB__ -DDEBUG -D__CODE_RED -D__USE_LPCOPEN -DCORE_M3 -I"C:\Users\Joey\Documents\LPCXpresso_8.2.2_650\MATE_Workspace\LPC1769\lpc_chip_175x_6x\inc" -I"C:\Users\Joey\Documents\LPCXpresso_8.2.2_650\MATE_Workspace\LPC1769\lpc_board_nxp_lpcxpresso_1769\inc" -I"C:\Users\Joey\Documents\LPCXpresso_8.2.2_650\MATE_Workspace\LPC1769\webserver\example\inc" -I"C:\Users\Joey\Documents\LPCXpresso_8.2.2_650\MATE_Workspace\LPC1769\webserver\lwip\inc" -I"C:\Users\Joey\Documents\LPCXpresso_8.2.2_650\MATE_Workspace\LPC1769\webserver\lwip\inc\ipv4" -O0 -g3 -Wall -c -fmessage-length=0 -fno-builtin -ffunction-sections -fdata-sections -mcpu=cortex-m3 -mthumb -specs=redlib.specs -MMD -MP -MF"lwip/src/core/ipv4/inet.d" -MT"lwip/src/core/ipv4/inet.o" -MT"lwip/src/core/ipv4/inet.d" -o "lwip/src/core/ipv4/inet.o" "../lwip/src/core/ipv4/inet.c"
Finished building: ../lwip/src/core/ipv4/inet.c
 
Building file: ../lwip/src/core/ipv4/inet_chksum.c
Invoking: MCU C Compiler
arm-none-eabi-gcc -D__REDLIB__ -DDEBUG -D__CODE_RED -D__USE_LPCOPEN -DCORE_M3 -I"C:\Users\Joey\Documents\LPCXpresso_8.2.2_650\MATE_Workspace\LPC1769\lpc_chip_175x_6x\inc" -I"C:\Users\Joey\Documents\LPCXpresso_8.2.2_650\MATE_Workspace\LPC1769\lpc_board_nxp_lpcxpresso_1769\inc" -I"C:\Users\Joey\Documents\LPCXpresso_8.2.2_650\MATE_Workspace\LPC1769\webserver\example\inc" -I"C:\Users\Joey\Documents\LPCXpresso_8.2.2_650\MATE_Workspace\LPC1769\webserver\lwip\inc" -I"C:\Users\Joey\Documents\LPCXpresso_8.2.2_650\MATE_Workspace\LPC1769\webserver\lwip\inc\ipv4" -O0 -g3 -Wall -c -fmessage-length=0 -fno-builtin -ffunction-sections -fdata-sections -mcpu=cortex-m3 -mthumb -specs=redlib.specs -MMD -MP -MF"lwip/src/core/ipv4/inet_chksum.d" -MT"lwip/src/core/ipv4/inet_chksum.o" -MT"lwip/src/core/ipv4/inet_chksum.d" -o "lwip/src/core/ipv4/inet_chksum.o" "../lwip/src/core/ipv4/inet_chksum.c"
Finished building: ../lwip/src/core/ipv4/inet_chksum.c
 
Building file: ../lwip/src/core/ipv4/ip.c
Invoking: MCU C Compiler
arm-none-eabi-gcc -D__REDLIB__ -DDEBUG -D__CODE_RED -D__USE_LPCOPEN -DCORE_M3 -I"C:\Users\Joey\Documents\LPCXpresso_8.2.2_650\MATE_Workspace\LPC1769\lpc_chip_175x_6x\inc" -I"C:\Users\Joey\Documents\LPCXpresso_8.2.2_650\MATE_Workspace\LPC1769\lpc_board_nxp_lpcxpresso_1769\inc" -I"C:\Users\Joey\Documents\LPCXpresso_8.2.2_650\MATE_Workspace\LPC1769\webserver\example\inc" -I"C:\Users\Joey\Documents\LPCXpresso_8.2.2_650\MATE_Workspace\LPC1769\webserver\lwip\inc" -I"C:\Users\Joey\Documents\LPCXpresso_8.2.2_650\MATE_Workspace\LPC1769\webserver\lwip\inc\ipv4" -O0 -g3 -Wall -c -fmessage-length=0 -fno-builtin -ffunction-sections -fdata-sections -mcpu=cortex-m3 -mthumb -specs=redlib.specs -MMD -MP -MF"lwip/src/core/ipv4/ip.d" -MT"lwip/src/core/ipv4/ip.o" -MT"lwip/src/core/ipv4/ip.d" -o "lwip/src/core/ipv4/ip.o" "../lwip/src/core/ipv4/ip.c"
In file included from C:\Users\Joey\Documents\LPCXpresso_8.2.2_650\MATE_Workspace\LPC1769\webserver\lwip\inc\ipv4/lwip/ip.h:39:0,
                 from ../lwip/src/core/ipv4/ip.c:42:
../lwip/src/core/ipv4/ip.c: In function 'ip_input':
C:\Users\Joey\Documents\LPCXpresso_8.2.2_650\MATE_Workspace\LPC1769\webserver\lwip\inc\ipv4/lwip/ip_addr.h:200:39: warning: the comparison will always evaluate as 'false' for the address of 'current_iphdr_src' will never be NULL [-Waddress]
 #define ip_addr_isany(addr1) ((addr1) == NULL || (addr1)->addr == IPADDR_ANY)
                                       ^
../lwip/src/core/ipv4/ip.c:473:24: note: in expansion of macro 'ip_addr_isany'
   if (check_ip_src && !ip_addr_isany(&current_iphdr_src))
                        ^
Finished building: ../lwip/src/core/ipv4/ip.c
 
Building file: ../lwip/src/core/ipv4/ip_addr.c
Invoking: MCU C Compiler
arm-none-eabi-gcc -D__REDLIB__ -DDEBUG -D__CODE_RED -D__USE_LPCOPEN -DCORE_M3 -I"C:\Users\Joey\Documents\LPCXpresso_8.2.2_650\MATE_Workspace\LPC1769\lpc_chip_175x_6x\inc" -I"C:\Users\Joey\Documents\LPCXpresso_8.2.2_650\MATE_Workspace\LPC1769\lpc_board_nxp_lpcxpresso_1769\inc" -I"C:\Users\Joey\Documents\LPCXpresso_8.2.2_650\MATE_Workspace\LPC1769\webserver\example\inc" -I"C:\Users\Joey\Documents\LPCXpresso_8.2.2_650\MATE_Workspace\LPC1769\webserver\lwip\inc" -I"C:\Users\Joey\Documents\LPCXpresso_8.2.2_650\MATE_Workspace\LPC1769\webserver\lwip\inc\ipv4" -O0 -g3 -Wall -c -fmessage-length=0 -fno-builtin -ffunction-sections -fdata-sections -mcpu=cortex-m3 -mthumb -specs=redlib.specs -MMD -MP -MF"lwip/src/core/ipv4/ip_addr.d" -MT"lwip/src/core/ipv4/ip_addr.o" -MT"lwip/src/core/ipv4/ip_addr.d" -o "lwip/src/core/ipv4/ip_addr.o" "../lwip/src/core/ipv4/ip_addr.c"
Finished building: ../lwip/src/core/ipv4/ip_addr.c
 
Building file: ../lwip/src/core/ipv4/ip_frag.c
Invoking: MCU C Compiler
arm-none-eabi-gcc -D__REDLIB__ -DDEBUG -D__CODE_RED -D__USE_LPCOPEN -DCORE_M3 -I"C:\Users\Joey\Documents\LPCXpresso_8.2.2_650\MATE_Workspace\LPC1769\lpc_chip_175x_6x\inc" -I"C:\Users\Joey\Documents\LPCXpresso_8.2.2_650\MATE_Workspace\LPC1769\lpc_board_nxp_lpcxpresso_1769\inc" -I"C:\Users\Joey\Documents\LPCXpresso_8.2.2_650\MATE_Workspace\LPC1769\webserver\example\inc" -I"C:\Users\Joey\Documents\LPCXpresso_8.2.2_650\MATE_Workspace\LPC1769\webserver\lwip\inc" -I"C:\Users\Joey\Documents\LPCXpresso_8.2.2_650\MATE_Workspace\LPC1769\webserver\lwip\inc\ipv4" -O0 -g3 -Wall -c -fmessage-length=0 -fno-builtin -ffunction-sections -fdata-sections -mcpu=cortex-m3 -mthumb -specs=redlib.specs -MMD -MP -MF"lwip/src/core/ipv4/ip_frag.d" -MT"lwip/src/core/ipv4/ip_frag.o" -MT"lwip/src/core/ipv4/ip_frag.d" -o "lwip/src/core/ipv4/ip_frag.o" "../lwip/src/core/ipv4/ip_frag.c"
Finished building: ../lwip/src/core/ipv4/ip_frag.c
 
Building file: ../lwip/src/core/dhcp.c
Invoking: MCU C Compiler
arm-none-eabi-gcc -D__REDLIB__ -DDEBUG -D__CODE_RED -D__USE_LPCOPEN -DCORE_M3 -I"C:\Users\Joey\Documents\LPCXpresso_8.2.2_650\MATE_Workspace\LPC1769\lpc_chip_175x_6x\inc" -I"C:\Users\Joey\Documents\LPCXpresso_8.2.2_650\MATE_Workspace\LPC1769\lpc_board_nxp_lpcxpresso_1769\inc" -I"C:\Users\Joey\Documents\LPCXpresso_8.2.2_650\MATE_Workspace\LPC1769\webserver\example\inc" -I"C:\Users\Joey\Documents\LPCXpresso_8.2.2_650\MATE_Workspace\LPC1769\webserver\lwip\inc" -I"C:\Users\Joey\Documents\LPCXpresso_8.2.2_650\MATE_Workspace\LPC1769\webserver\lwip\inc\ipv4" -O0 -g3 -Wall -c -fmessage-length=0 -fno-builtin -ffunction-sections -fdata-sections -mcpu=cortex-m3 -mthumb -specs=redlib.specs -MMD -MP -MF"lwip/src/core/dhcp.d" -MT"lwip/src/core/dhcp.o" -MT"lwip/src/core/dhcp.d" -o "lwip/src/core/dhcp.o" "../lwip/src/core/dhcp.c"
In file included from C:\Users\Joey\Documents\LPCXpresso_8.2.2_650\MATE_Workspace\LPC1769\webserver\lwip\inc/lwip/netif.h:41:0,
                 from C:\Users\Joey\Documents\LPCXpresso_8.2.2_650\MATE_Workspace\LPC1769\webserver\lwip\inc/lwip/udp.h:40,
                 from ../lwip/src/core/dhcp.c:75:
../lwip/src/core/dhcp.c: In function 'dhcp_bind':
C:\Users\Joey\Documents\LPCXpresso_8.2.2_650\MATE_Workspace\LPC1769\webserver\lwip\inc\ipv4/lwip/ip_addr.h:200:39: warning: the comparison will always evaluate as 'false' for the address of 'gw_addr' will never be NULL [-Waddress]
 #define ip_addr_isany(addr1) ((addr1) == NULL || (addr1)->addr == IPADDR_ANY)
                                       ^
../lwip/src/core/dhcp.c:987:7: note: in expansion of macro 'ip_addr_isany'
   if (ip_addr_isany(&gw_addr)) {
       ^
Finished building: ../lwip/src/core/dhcp.c
 
Building file: ../lwip/src/core/init.c
Invoking: MCU C Compiler
arm-none-eabi-gcc -D__REDLIB__ -DDEBUG -D__CODE_RED -D__USE_LPCOPEN -DCORE_M3 -I"C:\Users\Joey\Documents\LPCXpresso_8.2.2_650\MATE_Workspace\LPC1769\lpc_chip_175x_6x\inc" -I"C:\Users\Joey\Documents\LPCXpresso_8.2.2_650\MATE_Workspace\LPC1769\lpc_board_nxp_lpcxpresso_1769\inc" -I"C:\Users\Joey\Documents\LPCXpresso_8.2.2_650\MATE_Workspace\LPC1769\webserver\example\inc" -I"C:\Users\Joey\Documents\LPCXpresso_8.2.2_650\MATE_Workspace\LPC1769\webserver\lwip\inc" -I"C:\Users\Joey\Documents\LPCXpresso_8.2.2_650\MATE_Workspace\LPC1769\webserver\lwip\inc\ipv4" -O0 -g3 -Wall -c -fmessage-length=0 -fno-builtin -ffunction-sections -fdata-sections -mcpu=cortex-m3 -mthumb -specs=redlib.specs -MMD -MP -MF"lwip/src/core/init.d" -MT"lwip/src/core/init.o" -MT"lwip/src/core/init.d" -o "lwip/src/core/init.o" "../lwip/src/core/init.c"
Finished building: ../lwip/src/core/init.c
 
Building file: ../lwip/src/core/memp.c
Invoking: MCU C Compiler
arm-none-eabi-gcc -D__REDLIB__ -DDEBUG -D__CODE_RED -D__USE_LPCOPEN -DCORE_M3 -I"C:\Users\Joey\Documents\LPCXpresso_8.2.2_650\MATE_Workspace\LPC1769\lpc_chip_175x_6x\inc" -I"C:\Users\Joey\Documents\LPCXpresso_8.2.2_650\MATE_Workspace\LPC1769\lpc_board_nxp_lpcxpresso_1769\inc" -I"C:\Users\Joey\Documents\LPCXpresso_8.2.2_650\MATE_Workspace\LPC1769\webserver\example\inc" -I"C:\Users\Joey\Documents\LPCXpresso_8.2.2_650\MATE_Workspace\LPC1769\webserver\lwip\inc" -I"C:\Users\Joey\Documents\LPCXpresso_8.2.2_650\MATE_Workspace\LPC1769\webserver\lwip\inc\ipv4" -O0 -g3 -Wall -c -fmessage-length=0 -fno-builtin -ffunction-sections -fdata-sections -mcpu=cortex-m3 -mthumb -specs=redlib.specs -MMD -MP -MF"lwip/src/core/memp.d" -MT"lwip/src/core/memp.o" -MT"lwip/src/core/memp.d" -o "lwip/src/core/memp.o" "../lwip/src/core/memp.c"
Finished building: ../lwip/src/core/memp.c
 
Building file: ../lwip/src/core/netif.c
Invoking: MCU C Compiler
arm-none-eabi-gcc -D__REDLIB__ -DDEBUG -D__CODE_RED -D__USE_LPCOPEN -DCORE_M3 -I"C:\Users\Joey\Documents\LPCXpresso_8.2.2_650\MATE_Workspace\LPC1769\lpc_chip_175x_6x\inc" -I"C:\Users\Joey\Documents\LPCXpresso_8.2.2_650\MATE_Workspace\LPC1769\lpc_board_nxp_lpcxpresso_1769\inc" -I"C:\Users\Joey\Documents\LPCXpresso_8.2.2_650\MATE_Workspace\LPC1769\webserver\example\inc" -I"C:\Users\Joey\Documents\LPCXpresso_8.2.2_650\MATE_Workspace\LPC1769\webserver\lwip\inc" -I"C:\Users\Joey\Documents\LPCXpresso_8.2.2_650\MATE_Workspace\LPC1769\webserver\lwip\inc\ipv4" -O0 -g3 -Wall -c -fmessage-length=0 -fno-builtin -ffunction-sections -fdata-sections -mcpu=cortex-m3 -mthumb -specs=redlib.specs -MMD -MP -MF"lwip/src/core/netif.d" -MT"lwip/src/core/netif.o" -MT"lwip/src/core/netif.d" -o "lwip/src/core/netif.o" "../lwip/src/core/netif.c"
Finished building: ../lwip/src/core/netif.c
 
Building file: ../lwip/src/core/pbuf.c
Invoking: MCU C Compiler
arm-none-eabi-gcc -D__REDLIB__ -DDEBUG -D__CODE_RED -D__USE_LPCOPEN -DCORE_M3 -I"C:\Users\Joey\Documents\LPCXpresso_8.2.2_650\MATE_Workspace\LPC1769\lpc_chip_175x_6x\inc" -I"C:\Users\Joey\Documents\LPCXpresso_8.2.2_650\MATE_Workspace\LPC1769\lpc_board_nxp_lpcxpresso_1769\inc" -I"C:\Users\Joey\Documents\LPCXpresso_8.2.2_650\MATE_Workspace\LPC1769\webserver\example\inc" -I"C:\Users\Joey\Documents\LPCXpresso_8.2.2_650\MATE_Workspace\LPC1769\webserver\lwip\inc" -I"C:\Users\Joey\Documents\LPCXpresso_8.2.2_650\MATE_Workspace\LPC1769\webserver\lwip\inc\ipv4" -O0 -g3 -Wall -c -fmessage-length=0 -fno-builtin -ffunction-sections -fdata-sections -mcpu=cortex-m3 -mthumb -specs=redlib.specs -MMD -MP -MF"lwip/src/core/pbuf.d" -MT"lwip/src/core/pbuf.o" -MT"lwip/src/core/pbuf.d" -o "lwip/src/core/pbuf.o" "../lwip/src/core/pbuf.c"
Finished building: ../lwip/src/core/pbuf.c
 
Building file: ../lwip/src/core/raw.c
Invoking: MCU C Compiler
arm-none-eabi-gcc -D__REDLIB__ -DDEBUG -D__CODE_RED -D__USE_LPCOPEN -DCORE_M3 -I"C:\Users\Joey\Documents\LPCXpresso_8.2.2_650\MATE_Workspace\LPC1769\lpc_chip_175x_6x\inc" -I"C:\Users\Joey\Documents\LPCXpresso_8.2.2_650\MATE_Workspace\LPC1769\lpc_board_nxp_lpcxpresso_1769\inc" -I"C:\Users\Joey\Documents\LPCXpresso_8.2.2_650\MATE_Workspace\LPC1769\webserver\example\inc" -I"C:\Users\Joey\Documents\LPCXpresso_8.2.2_650\MATE_Workspace\LPC1769\webserver\lwip\inc" -I"C:\Users\Joey\Documents\LPCXpresso_8.2.2_650\MATE_Workspace\LPC1769\webserver\lwip\inc\ipv4" -O0 -g3 -Wall -c -fmessage-length=0 -fno-builtin -ffunction-sections -fdata-sections -mcpu=cortex-m3 -mthumb -specs=redlib.specs -MMD -MP -MF"lwip/src/core/raw.d" -MT"lwip/src/core/raw.o" -MT"lwip/src/core/raw.d" -o "lwip/src/core/raw.o" "../lwip/src/core/raw.c"
Finished building: ../lwip/src/core/raw.c
 
Building file: ../lwip/src/core/tcp.c
Invoking: MCU C Compiler
arm-none-eabi-gcc -D__REDLIB__ -DDEBUG -D__CODE_RED -D__USE_LPCOPEN -DCORE_M3 -I"C:\Users\Joey\Documents\LPCXpresso_8.2.2_650\MATE_Workspace\LPC1769\lpc_chip_175x_6x\inc" -I"C:\Users\Joey\Documents\LPCXpresso_8.2.2_650\MATE_Workspace\LPC1769\lpc_board_nxp_lpcxpresso_1769\inc" -I"C:\Users\Joey\Documents\LPCXpresso_8.2.2_650\MATE_Workspace\LPC1769\webserver\example\inc" -I"C:\Users\Joey\Documents\LPCXpresso_8.2.2_650\MATE_Workspace\LPC1769\webserver\lwip\inc" -I"C:\Users\Joey\Documents\LPCXpresso_8.2.2_650\MATE_Workspace\LPC1769\webserver\lwip\inc\ipv4" -O0 -g3 -Wall -c -fmessage-length=0 -fno-builtin -ffunction-sections -fdata-sections -mcpu=cortex-m3 -mthumb -specs=redlib.specs -MMD -MP -MF"lwip/src/core/tcp.d" -MT"lwip/src/core/tcp.o" -MT"lwip/src/core/tcp.d" -o "lwip/src/core/tcp.o" "../lwip/src/core/tcp.c"
Finished building: ../lwip/src/core/tcp.c
 
Building file: ../lwip/src/core/tcp_in.c
Invoking: MCU C Compiler
arm-none-eabi-gcc -D__REDLIB__ -DDEBUG -D__CODE_RED -D__USE_LPCOPEN -DCORE_M3 -I"C:\Users\Joey\Documents\LPCXpresso_8.2.2_650\MATE_Workspace\LPC1769\lpc_chip_175x_6x\inc" -I"C:\Users\Joey\Documents\LPCXpresso_8.2.2_650\MATE_Workspace\LPC1769\lpc_board_nxp_lpcxpresso_1769\inc" -I"C:\Users\Joey\Documents\LPCXpresso_8.2.2_650\MATE_Workspace\LPC1769\webserver\example\inc" -I"C:\Users\Joey\Documents\LPCXpresso_8.2.2_650\MATE_Workspace\LPC1769\webserver\lwip\inc" -I"C:\Users\Joey\Documents\LPCXpresso_8.2.2_650\MATE_Workspace\LPC1769\webserver\lwip\inc\ipv4" -O0 -g3 -Wall -c -fmessage-length=0 -fno-builtin -ffunction-sections -fdata-sections -mcpu=cortex-m3 -mthumb -specs=redlib.specs -MMD -MP -MF"lwip/src/core/tcp_in.d" -MT"lwip/src/core/tcp_in.o" -MT"lwip/src/core/tcp_in.d" -o "lwip/src/core/tcp_in.o" "../lwip/src/core/tcp_in.c"
Finished building: ../lwip/src/core/tcp_in.c
 
Building file: ../lwip/src/core/tcp_out.c
Invoking: MCU C Compiler
arm-none-eabi-gcc -D__REDLIB__ -DDEBUG -D__CODE_RED -D__USE_LPCOPEN -DCORE_M3 -I"C:\Users\Joey\Documents\LPCXpresso_8.2.2_650\MATE_Workspace\LPC1769\lpc_chip_175x_6x\inc" -I"C:\Users\Joey\Documents\LPCXpresso_8.2.2_650\MATE_Workspace\LPC1769\lpc_board_nxp_lpcxpresso_1769\inc" -I"C:\Users\Joey\Documents\LPCXpresso_8.2.2_650\MATE_Workspace\LPC1769\webserver\example\inc" -I"C:\Users\Joey\Documents\LPCXpresso_8.2.2_650\MATE_Workspace\LPC1769\webserver\lwip\inc" -I"C:\Users\Joey\Documents\LPCXpresso_8.2.2_650\MATE_Workspace\LPC1769\webserver\lwip\inc\ipv4" -O0 -g3 -Wall -c -fmessage-length=0 -fno-builtin -ffunction-sections -fdata-sections -mcpu=cortex-m3 -mthumb -specs=redlib.specs -MMD -MP -MF"lwip/src/core/tcp_out.d" -MT"lwip/src/core/tcp_out.o" -MT"lwip/src/core/tcp_out.d" -o "lwip/src/core/tcp_out.o" "../lwip/src/core/tcp_out.c"
Finished building: ../lwip/src/core/tcp_out.c
 
Building file: ../lwip/src/core/timers.c
Invoking: MCU C Compiler
arm-none-eabi-gcc -D__REDLIB__ -DDEBUG -D__CODE_RED -D__USE_LPCOPEN -DCORE_M3 -I"C:\Users\Joey\Documents\LPCXpresso_8.2.2_650\MATE_Workspace\LPC1769\lpc_chip_175x_6x\inc" -I"C:\Users\Joey\Documents\LPCXpresso_8.2.2_650\MATE_Workspace\LPC1769\lpc_board_nxp_lpcxpresso_1769\inc" -I"C:\Users\Joey\Documents\LPCXpresso_8.2.2_650\MATE_Workspace\LPC1769\webserver\example\inc" -I"C:\Users\Joey\Documents\LPCXpresso_8.2.2_650\MATE_Workspace\LPC1769\webserver\lwip\inc" -I"C:\Users\Joey\Documents\LPCXpresso_8.2.2_650\MATE_Workspace\LPC1769\webserver\lwip\inc\ipv4" -O0 -g3 -Wall -c -fmessage-length=0 -fno-builtin -ffunction-sections -fdata-sections -mcpu=cortex-m3 -mthumb -specs=redlib.specs -MMD -MP -MF"lwip/src/core/timers.d" -MT"lwip/src/core/timers.o" -MT"lwip/src/core/timers.d" -o "lwip/src/core/timers.o" "../lwip/src/core/timers.c"
Finished building: ../lwip/src/core/timers.c
 
Building file: ../lwip/src/core/udp.c
Invoking: MCU C Compiler
arm-none-eabi-gcc -D__REDLIB__ -DDEBUG -D__CODE_RED -D__USE_LPCOPEN -DCORE_M3 -I"C:\Users\Joey\Documents\LPCXpresso_8.2.2_650\MATE_Workspace\LPC1769\lpc_chip_175x_6x\inc" -I"C:\Users\Joey\Documents\LPCXpresso_8.2.2_650\MATE_Workspace\LPC1769\lpc_board_nxp_lpcxpresso_1769\inc" -I"C:\Users\Joey\Documents\LPCXpresso_8.2.2_650\MATE_Workspace\LPC1769\webserver\example\inc" -I"C:\Users\Joey\Documents\LPCXpresso_8.2.2_650\MATE_Workspace\LPC1769\webserver\lwip\inc" -I"C:\Users\Joey\Documents\LPCXpresso_8.2.2_650\MATE_Workspace\LPC1769\webserver\lwip\inc\ipv4" -O0 -g3 -Wall -c -fmessage-length=0 -fno-builtin -ffunction-sections -fdata-sections -mcpu=cortex-m3 -mthumb -specs=redlib.specs -MMD -MP -MF"lwip/src/core/udp.d" -MT"lwip/src/core/udp.o" -MT"lwip/src/core/udp.d" -o "lwip/src/core/udp.o" "../lwip/src/core/udp.c"
Finished building: ../lwip/src/core/udp.c
 
Building file: ../lwip/src/arch/lpc17xx_40xx_emac.c
Invoking: MCU C Compiler
arm-none-eabi-gcc -D__REDLIB__ -DDEBUG -D__CODE_RED -D__USE_LPCOPEN -DCORE_M3 -I"C:\Users\Joey\Documents\LPCXpresso_8.2.2_650\MATE_Workspace\LPC1769\lpc_chip_175x_6x\inc" -I"C:\Users\Joey\Documents\LPCXpresso_8.2.2_650\MATE_Workspace\LPC1769\lpc_board_nxp_lpcxpresso_1769\inc" -I"C:\Users\Joey\Documents\LPCXpresso_8.2.2_650\MATE_Workspace\LPC1769\webserver\example\inc" -I"C:\Users\Joey\Documents\LPCXpresso_8.2.2_650\MATE_Workspace\LPC1769\webserver\lwip\inc" -I"C:\Users\Joey\Documents\LPCXpresso_8.2.2_650\MATE_Workspace\LPC1769\webserver\lwip\inc\ipv4" -O0 -g3 -Wall -c -fmessage-length=0 -fno-builtin -ffunction-sections -fdata-sections -mcpu=cortex-m3 -mthumb -specs=redlib.specs -MMD -MP -MF"lwip/src/arch/lpc17xx_40xx_emac.d" -MT"lwip/src/arch/lpc17xx_40xx_emac.o" -MT"lwip/src/arch/lpc17xx_40xx_emac.d" -o "lwip/src/arch/lpc17xx_40xx_emac.o" "../lwip/src/arch/lpc17xx_40xx_emac.c"
Finished building: ../lwip/src/arch/lpc17xx_40xx_emac.c
 
Building file: ../example/src/httpd.c
Invoking: MCU C Compiler
arm-none-eabi-gcc -D__REDLIB__ -DDEBUG -D__CODE_RED -D__USE_LPCOPEN -DCORE_M3 -I"C:\Users\Joey\Documents\LPCXpresso_8.2.2_650\MATE_Workspace\LPC1769\lpc_chip_175x_6x\inc" -I"C:\Users\Joey\Documents\LPCXpresso_8.2.2_650\MATE_Workspace\LPC1769\lpc_board_nxp_lpcxpresso_1769\inc" -I"C:\Users\Joey\Documents\LPCXpresso_8.2.2_650\MATE_Workspace\LPC1769\webserver\example\inc" -I"C:\Users\Joey\Documents\LPCXpresso_8.2.2_650\MATE_Workspace\LPC1769\webserver\lwip\inc" -I"C:\Users\Joey\Documents\LPCXpresso_8.2.2_650\MATE_Workspace\LPC1769\webserver\lwip\inc\ipv4" -O0 -g3 -Wall -c -fmessage-length=0 -fno-builtin -ffunction-sections -fdata-sections -mcpu=cortex-m3 -mthumb -specs=redlib.specs -MMD -MP -MF"example/src/httpd.d" -MT"example/src/httpd.o" -MT"example/src/httpd.d" -o "example/src/httpd.o" "../example/src/httpd.c"
Finished building: ../example/src/httpd.c
 
Building file: ../example/src/webserver.c
Invoking: MCU C Compiler
arm-none-eabi-gcc -D__REDLIB__ -DDEBUG -D__CODE_RED -D__USE_LPCOPEN -DCORE_M3 -I"C:\Users\Joey\Documents\LPCXpresso_8.2.2_650\MATE_Workspace\LPC1769\lpc_chip_175x_6x\inc" -I"C:\Users\Joey\Documents\LPCXpresso_8.2.2_650\MATE_Workspace\LPC1769\lpc_board_nxp_lpcxpresso_1769\inc" -I"C:\Users\Joey\Documents\LPCXpresso_8.2.2_650\MATE_Workspace\LPC1769\webserver\example\inc" -I"C:\Users\Joey\Documents\LPCXpresso_8.2.2_650\MATE_Workspace\LPC1769\webserver\lwip\inc" -I"C:\Users\Joey\Documents\LPCXpresso_8.2.2_650\MATE_Workspace\LPC1769\webserver\lwip\inc\ipv4" -O0 -g3 -Wall -c -fmessage-length=0 -fno-builtin -ffunction-sections -fdata-sections -mcpu=cortex-m3 -mthumb -specs=redlib.specs -MMD -MP -MF"example/src/webserver.d" -MT"example/src/webserver.o" -MT"example/src/webserver.d" -o "example/src/webserver.o" "../example/src/webserver.c"
Finished building: ../example/src/webserver.c
 
Building target: webserver.axf
Invoking: MCU Linker
arm-none-eabi-gcc -nostdlib -L"C:\Users\Joey\Documents\LPCXpresso_8.2.2_650\MATE_Workspace\LPC1769\lpc_chip_175x_6x\Debug" -L"C:\Users\Joey\Documents\LPCXpresso_8.2.2_650\MATE_Workspace\LPC1769\lpc_board_nxp_lpcxpresso_1769\Debug" -Xlinker -Map="webserver.map" -Xlinker --gc-sections -mcpu=cortex-m3 -mthumb -T "webserver_Debug.ld" -o "webserver.axf"  ./lwip/src/netif/etharp.o ./lwip/src/netif/ethernetif.o  ./lwip/src/core/ipv4/autoip.o ./lwip/src/core/ipv4/icmp.o ./lwip/src/core/ipv4/igmp.o ./lwip/src/core/ipv4/inet.o ./lwip/src/core/ipv4/inet_chksum.o ./lwip/src/core/ipv4/ip.o ./lwip/src/core/ipv4/ip_addr.o ./lwip/src/core/ipv4/ip_frag.o  ./lwip/src/core/def.o ./lwip/src/core/dhcp.o ./lwip/src/core/dns.o ./lwip/src/core/init.o ./lwip/src/core/mem.o ./lwip/src/core/memp.o ./lwip/src/core/netif.o ./lwip/src/core/pbuf.o ./lwip/src/core/raw.o ./lwip/src/core/stats.o ./lwip/src/core/sys.o ./lwip/src/core/tcp.o ./lwip/src/core/tcp_in.o ./lwip/src/core/tcp_out.o ./lwip/src/core/timers.o ./lwip/src/core/udp.o  ./lwip/src/arch/lpc17xx_40xx_emac.o ./lwip/src/arch/lpc17xx_40xx_systick_arch.o ./lwip/src/arch/lpc_debug.o  ./lwip/src/api/api_lib.o ./lwip/src/api/api_msg.o ./lwip/src/api/err.o ./lwip/src/api/netbuf.o ./lwip/src/api/netdb.o ./lwip/src/api/netifapi.o ./lwip/src/api/sockets.o ./lwip/src/api/tcpip.o  ./example/src/cr_startup_lpc175x_6x.o ./example/src/httpd.o ./example/src/lwip_fs.o ./example/src/sysinit.o ./example/src/webserver.o   -llpc_board_nxp_lpcxpresso_1769 -llpc_chip_175x_6x
Finished building target: webserver.axf
 
make --no-print-directory post-build
Performing post-build steps
arm-none-eabi-size "webserver.axf"; # arm-none-eabi-objcopy -v -O binary "webserver.axf" "webserver.bin" ; # checksum -p LPC1769 -d "webserver.bin";
   text	   data	    bss	    dec	    hex	filename
  68504	     16	   1004	  69524	  10f94	webserver.axf
 
15:21:25 **** Incremental Build of configuration Debug for project webserver ****
make -r all 
make: Nothing to be done for `all'.
15:21:38 **** Incremental Build of configuration Debug for project webserver ****
make -r all 
make: Nothing to be done for `all'.
15:22:06 **** Incremental Build of configuration Debug for project ROV_Controller_Ethernet ****
make -r all 
make: Nothing to be done for `all'.
15:22:09 **** Incremental Build of configuration Debug for project ROV_Controller_Ethernet ****
make -r all 
make: Nothing to be done for `all'.
