17:22:32 **** Build of configuration Debug for project iperf_server ****
make -r all 
Building target: iperf_server.axf
Invoking: MCU Linker
arm-none-eabi-gcc -nostdlib -L"C:\Users\Joey\Documents\LPCXpresso_8.2.2_650\MATE_Workspace\LPC1769\lpc_chip_175x_6x\Debug" -L"C:\Users\Joey\Documents\LPCXpresso_8.2.2_650\MATE_Workspace\LPC1769\lpc_board_nxp_lpcxpresso_1769\Debug" -Xlinker -Map="iperf_server.map" -Xlinker --gc-sections -mcpu=cortex-m3 -mthumb -T "iperf_server_Debug.ld" -o "iperf_server.axf"  ./lwip/src/netif/etharp.o ./lwip/src/netif/ethernetif.o  ./lwip/src/core/ipv4/autoip.o ./lwip/src/core/ipv4/icmp.o ./lwip/src/core/ipv4/igmp.o ./lwip/src/core/ipv4/inet.o ./lwip/src/core/ipv4/inet_chksum.o ./lwip/src/core/ipv4/ip.o ./lwip/src/core/ipv4/ip_addr.o ./lwip/src/core/ipv4/ip_frag.o  ./lwip/src/core/def.o ./lwip/src/core/dhcp.o ./lwip/src/core/dns.o ./lwip/src/core/init.o ./lwip/src/core/mem.o ./lwip/src/core/memp.o ./lwip/src/core/netif.o ./lwip/src/core/pbuf.o ./lwip/src/core/raw.o ./lwip/src/core/stats.o ./lwip/src/core/sys.o ./lwip/src/core/tcp.o ./lwip/src/core/tcp_in.o ./lwip/src/core/tcp_out.o ./lwip/src/core/timers.o ./lwip/src/core/udp.o  ./lwip/src/arch/lpc17xx_40xx_emac.o ./lwip/src/arch/lpc17xx_40xx_systick_arch.o ./lwip/src/arch/lpc_debug.o  ./lwip/src/api/api_lib.o ./lwip/src/api/api_msg.o ./lwip/src/api/err.o ./lwip/src/api/netbuf.o ./lwip/src/api/netdb.o ./lwip/src/api/netifapi.o ./lwip/src/api/sockets.o ./lwip/src/api/tcpip.o  ./example/src/cr_startup_lpc175x_6x.o ./example/src/echo.o ./example/src/iperf_server.o ./example/src/main.o ./example/src/sysinit.o   -llpc_board_nxp_lpcxpresso_1769 -llpc_chip_175x_6x
Finished building target: iperf_server.axf
 
make --no-print-directory post-build
Performing post-build steps
arm-none-eabi-size "iperf_server.axf"; # arm-none-eabi-objcopy -v -O binary "iperf_server.axf" "iperf_server.bin" ; # checksum -p LPC1769 -d "iperf_server.bin";
   text	   data	    bss	    dec	    hex	filename
  63920	     16	  29692	  93628	  16dbc	iperf_server.axf
 

17:22:35 Build Finished (took 2s.797ms)

