17:24:03 **** Build of configuration Debug for project periph_pmu ****
make -r all 
Building file: ../example/src/pmu.c
Invoking: MCU C Compiler
arm-none-eabi-gcc -D__REDLIB__ -DDEBUG -D__CODE_RED -D__USE_LPCOPEN -DCORE_M3 -I"C:\Users\Joey\Documents\LPCXpresso_8.2.2_650\MATE_Workspace\LPC1769\lpc_chip_175x_6x\inc" -I"C:\Users\Joey\Documents\LPCXpresso_8.2.2_650\MATE_Workspace\LPC1769\lpc_board_nxp_lpcxpresso_1769\inc" -O0 -g3 -Wall -c -fmessage-length=0 -fno-builtin -ffunction-sections -fdata-sections -mcpu=cortex-m3 -mthumb -specs=redlib.specs -MMD -MP -MF"example/src/pmu.d" -MT"example/src/pmu.o" -MT"example/src/pmu.d" -o "example/src/pmu.o" "../example/src/pmu.c"
../example/src/pmu.c: In function 'ProcessPowerState':
../example/src/pmu.c:63:20: warning: unused variable 'tempTimeout' [-Wunused-variable]
  volatile uint32_t tempTimeout;
                    ^
Finished building: ../example/src/pmu.c
 
Building file: ../example/src/sysinit.c
Invoking: MCU C Compiler
arm-none-eabi-gcc -D__REDLIB__ -DDEBUG -D__CODE_RED -D__USE_LPCOPEN -DCORE_M3 -I"C:\Users\Joey\Documents\LPCXpresso_8.2.2_650\MATE_Workspace\LPC1769\lpc_chip_175x_6x\inc" -I"C:\Users\Joey\Documents\LPCXpresso_8.2.2_650\MATE_Workspace\LPC1769\lpc_board_nxp_lpcxpresso_1769\inc" -O0 -g3 -Wall -c -fmessage-length=0 -fno-builtin -ffunction-sections -fdata-sections -mcpu=cortex-m3 -mthumb -specs=redlib.specs -MMD -MP -MF"example/src/sysinit.d" -MT"example/src/sysinit.o" -MT"example/src/sysinit.d" -o "example/src/sysinit.o" "../example/src/sysinit.c"
Finished building: ../example/src/sysinit.c
 
Building target: periph_pmu.axf
Invoking: MCU Linker
arm-none-eabi-gcc -nostdlib -L"C:\Users\Joey\Documents\LPCXpresso_8.2.2_650\MATE_Workspace\LPC1769\lpc_chip_175x_6x\Debug" -L"C:\Users\Joey\Documents\LPCXpresso_8.2.2_650\MATE_Workspace\LPC1769\lpc_board_nxp_lpcxpresso_1769\Debug" -Xlinker -Map="periph_pmu.map" -Xlinker --gc-sections -mcpu=cortex-m3 -mthumb -T "periph_pmu_Debug.ld" -o "periph_pmu.axf"  ./example/src/cr_startup_lpc175x_6x.o ./example/src/pmu.o ./example/src/sysinit.o   -llpc_board_nxp_lpcxpresso_1769 -llpc_chip_175x_6x
Finished building target: periph_pmu.axf
 
make --no-print-directory post-build
Performing post-build steps
arm-none-eabi-size "periph_pmu.axf"; # arm-none-eabi-objcopy -v -O binary "periph_pmu.axf" "periph_pmu.bin" ; # checksum -p LPC1769 -d "periph_pmu.bin";
   text	   data	    bss	    dec	    hex	filename
  17048	      0	    388	  17436	   441c	periph_pmu.axf
 

17:24:05 Build Finished (took 1s.780ms)

