17:24:06 **** Build of configuration Debug for project periph_ritimer ****
make -r all 
Building file: ../example/src/ritimer.c
Invoking: MCU C Compiler
arm-none-eabi-gcc -D__REDLIB__ -DDEBUG -D__CODE_RED -D__USE_LPCOPEN -DCORE_M3 -I"C:\Users\Joey\Documents\LPCXpresso_8.2.2_650\MATE_Workspace\LPC1769\lpc_chip_175x_6x\inc" -I"C:\Users\Joey\Documents\LPCXpresso_8.2.2_650\MATE_Workspace\LPC1769\lpc_board_nxp_lpcxpresso_1769\inc" -O0 -g3 -Wall -c -fmessage-length=0 -fno-builtin -ffunction-sections -fdata-sections -mcpu=cortex-m3 -mthumb -specs=redlib.specs -MMD -MP -MF"example/src/ritimer.d" -MT"example/src/ritimer.o" -MT"example/src/ritimer.d" -o "example/src/ritimer.o" "../example/src/ritimer.c"
Finished building: ../example/src/ritimer.c
 
Building file: ../example/src/sysinit.c
Invoking: MCU C Compiler
arm-none-eabi-gcc -D__REDLIB__ -DDEBUG -D__CODE_RED -D__USE_LPCOPEN -DCORE_M3 -I"C:\Users\Joey\Documents\LPCXpresso_8.2.2_650\MATE_Workspace\LPC1769\lpc_chip_175x_6x\inc" -I"C:\Users\Joey\Documents\LPCXpresso_8.2.2_650\MATE_Workspace\LPC1769\lpc_board_nxp_lpcxpresso_1769\inc" -O0 -g3 -Wall -c -fmessage-length=0 -fno-builtin -ffunction-sections -fdata-sections -mcpu=cortex-m3 -mthumb -specs=redlib.specs -MMD -MP -MF"example/src/sysinit.d" -MT"example/src/sysinit.o" -MT"example/src/sysinit.d" -o "example/src/sysinit.o" "../example/src/sysinit.c"
Finished building: ../example/src/sysinit.c
 
Building target: periph_ritimer.axf
Invoking: MCU Linker
arm-none-eabi-gcc -nostdlib -L"C:\Users\Joey\Documents\LPCXpresso_8.2.2_650\MATE_Workspace\LPC1769\lpc_chip_175x_6x\Debug" -L"C:\Users\Joey\Documents\LPCXpresso_8.2.2_650\MATE_Workspace\LPC1769\lpc_board_nxp_lpcxpresso_1769\Debug" -Xlinker -Map="periph_ritimer.map" -Xlinker --gc-sections -mcpu=cortex-m3 -mthumb -T "periph_ritimer_Debug.ld" -o "periph_ritimer.axf"  ./example/src/cr_startup_lpc175x_6x.o ./example/src/ritimer.o ./example/src/sysinit.o   -llpc_board_nxp_lpcxpresso_1769 -llpc_chip_175x_6x
Finished building target: periph_ritimer.axf
 
make --no-print-directory post-build
Performing post-build steps
arm-none-eabi-size "periph_ritimer.axf"; # arm-none-eabi-objcopy -v -O binary "periph_ritimer.axf" "periph_ritimer.bin" ; # checksum -p LPC1769 -d "periph_ritimer.bin";
   text	   data	    bss	    dec	    hex	filename
   5884	      0	    344	   6228	   1854	periph_ritimer.axf
 

17:24:07 Build Finished (took 1s.653ms)

