17:24:00 **** Build of configuration Debug for project periph_pinint ****
make -r all 
Building file: ../example/src/pinint.c
Invoking: MCU C Compiler
arm-none-eabi-gcc -D__REDLIB__ -DDEBUG -D__CODE_RED -D__USE_LPCOPEN -DCORE_M3 -I"C:\Users\Joey\Documents\LPCXpresso_8.2.2_650\MATE_Workspace\LPC1769\lpc_chip_175x_6x\inc" -I"C:\Users\Joey\Documents\LPCXpresso_8.2.2_650\MATE_Workspace\LPC1769\lpc_board_nxp_lpcxpresso_1769\inc" -O0 -g3 -Wall -c -fmessage-length=0 -fno-builtin -ffunction-sections -fdata-sections -mcpu=cortex-m3 -mthumb -specs=redlib.specs -MMD -MP -MF"example/src/pinint.d" -MT"example/src/pinint.o" -MT"example/src/pinint.d" -o "example/src/pinint.o" "../example/src/pinint.c"
Finished building: ../example/src/pinint.c
 
Building file: ../example/src/sysinit.c
Invoking: MCU C Compiler
arm-none-eabi-gcc -D__REDLIB__ -DDEBUG -D__CODE_RED -D__USE_LPCOPEN -DCORE_M3 -I"C:\Users\Joey\Documents\LPCXpresso_8.2.2_650\MATE_Workspace\LPC1769\lpc_chip_175x_6x\inc" -I"C:\Users\Joey\Documents\LPCXpresso_8.2.2_650\MATE_Workspace\LPC1769\lpc_board_nxp_lpcxpresso_1769\inc" -O0 -g3 -Wall -c -fmessage-length=0 -fno-builtin -ffunction-sections -fdata-sections -mcpu=cortex-m3 -mthumb -specs=redlib.specs -MMD -MP -MF"example/src/sysinit.d" -MT"example/src/sysinit.o" -MT"example/src/sysinit.d" -o "example/src/sysinit.o" "../example/src/sysinit.c"
Finished building: ../example/src/sysinit.c
 
Building target: periph_pinint.axf
Invoking: MCU Linker
arm-none-eabi-gcc -nostdlib -L"C:\Users\Joey\Documents\LPCXpresso_8.2.2_650\MATE_Workspace\LPC1769\lpc_chip_175x_6x\Debug" -L"C:\Users\Joey\Documents\LPCXpresso_8.2.2_650\MATE_Workspace\LPC1769\lpc_board_nxp_lpcxpresso_1769\Debug" -Xlinker -Map="periph_pinint.map" -Xlinker --gc-sections -mcpu=cortex-m3 -mthumb -T "periph_pinint_Debug.ld" -o "periph_pinint.axf"  ./example/src/cr_startup_lpc175x_6x.o ./example/src/pinint.o ./example/src/sysinit.o   -llpc_board_nxp_lpcxpresso_1769 -llpc_chip_175x_6x
Finished building target: periph_pinint.axf
 
make --no-print-directory post-build
Performing post-build steps
arm-none-eabi-size "periph_pinint.axf"; # arm-none-eabi-objcopy -v -O binary "periph_pinint.axf" "periph_pinint.bin" ; # checksum -p LPC1769 -d "periph_pinint.bin";
   text	   data	    bss	    dec	    hex	filename
   6052	      0	    340	   6392	   18f8	periph_pinint.axf
 

17:24:02 Build Finished (took 1s.685ms)

