18:14:48 **** Build of configuration Debug for project periph_flashiap ****
make -r all 
Building file: ../example/src/flashiap.c
Invoking: MCU C Compiler
arm-none-eabi-gcc -D__REDLIB__ -DDEBUG -D__CODE_RED -D__USE_LPCOPEN -DCORE_M3 -I"C:\Users\Joey\Documents\LPCXpresso_8.2.2_650\MATE_Workspace\LPC1769\lpc_chip_175x_6x\inc" -I"C:\Users\Joey\Documents\LPCXpresso_8.2.2_650\MATE_Workspace\LPC1769\lpc_board_nxp_lpcxpresso_1769\inc" -O0 -g3 -Wall -c -fmessage-length=0 -fno-builtin -ffunction-sections -fdata-sections -mcpu=cortex-m3 -mthumb -specs=redlib.specs -MMD -MP -MF"example/src/flashiap.d" -MT"example/src/flashiap.o" -MT"example/src/flashiap.d" -o "example/src/flashiap.o" "../example/src/flashiap.c"
Finished building: ../example/src/flashiap.c
 
Building file: ../example/src/sysinit.c
Invoking: MCU C Compiler
arm-none-eabi-gcc -D__REDLIB__ -DDEBUG -D__CODE_RED -D__USE_LPCOPEN -DCORE_M3 -I"C:\Users\Joey\Documents\LPCXpresso_8.2.2_650\MATE_Workspace\LPC1769\lpc_chip_175x_6x\inc" -I"C:\Users\Joey\Documents\LPCXpresso_8.2.2_650\MATE_Workspace\LPC1769\lpc_board_nxp_lpcxpresso_1769\inc" -O0 -g3 -Wall -c -fmessage-length=0 -fno-builtin -ffunction-sections -fdata-sections -mcpu=cortex-m3 -mthumb -specs=redlib.specs -MMD -MP -MF"example/src/sysinit.d" -MT"example/src/sysinit.o" -MT"example/src/sysinit.d" -o "example/src/sysinit.o" "../example/src/sysinit.c"
Finished building: ../example/src/sysinit.c
 
Building target: periph_flashiap.axf
Invoking: MCU Linker
arm-none-eabi-gcc -nostdlib -L"C:\Users\Joey\Documents\LPCXpresso_8.2.2_650\MATE_Workspace\LPC1769\lpc_chip_175x_6x\Debug" -L"C:\Users\Joey\Documents\LPCXpresso_8.2.2_650\MATE_Workspace\LPC1769\lpc_board_nxp_lpcxpresso_1769\Debug" -Xlinker -Map="periph_flashiap.map" -Xlinker --gc-sections -mcpu=cortex-m3 -mthumb -T "periph_flashiap_Debug.ld" -o "periph_flashiap.axf"  ./example/src/cr_startup_lpc175x_6x.o ./example/src/flashiap.o ./example/src/sysinit.o   -llpc_board_nxp_lpcxpresso_1769 -llpc_chip_175x_6x
Finished building target: periph_flashiap.axf
 
make --no-print-directory post-build
Performing post-build steps
arm-none-eabi-size "periph_flashiap.axf"; # arm-none-eabi-objcopy -v -O binary "periph_flashiap.axf" "periph_flashiap.bin" ; # checksum -p LPC1769 -d "periph_flashiap.bin";
   text	   data	    bss	    dec	    hex	filename
  15160	      0	    596	  15756	   3d8c	periph_flashiap.axf
 

18:14:50 Build Finished (took 1s.534ms)

