18:15:23 **** Build of configuration Debug for project usbd_lib_cdc ****
make -r all 
Building file: ../example/src/cdc_main.c
Invoking: MCU C Compiler
arm-none-eabi-gcc -D__REDLIB__ -DDEBUG -D__CODE_RED -D__USE_LPCOPEN -DCORE_M3 -I"C:\Users\Joey\Documents\LPCXpresso_8.2.2_650\MATE_Workspace\LPC1769\lpc_chip_175x_6x\inc" -I"C:\Users\Joey\Documents\LPCXpresso_8.2.2_650\MATE_Workspace\LPC1769\lpc_board_nxp_lpcxpresso_1769\inc" -I"C:\Users\Joey\Documents\LPCXpresso_8.2.2_650\MATE_Workspace\LPC1769\usbd_lib_cdc\example\inc" -I"C:\Users\Joey\Documents\LPCXpresso_8.2.2_650\MATE_Workspace\LPC1769\lpc_chip_175x_6x\inc\usbd" -O0 -g3 -Wall -c -fmessage-length=0 -fno-builtin -ffunction-sections -fdata-sections -mcpu=cortex-m3 -mthumb -specs=redlib.specs -MMD -MP -MF"example/src/cdc_main.d" -MT"example/src/cdc_main.o" -MT"example/src/cdc_main.d" -o "example/src/cdc_main.o" "../example/src/cdc_main.c"
../example/src/cdc_main.c: In function 'main':
../example/src/cdc_main.c:177:15: warning: pointer targets in passing argument 1 of 'vcom_write' differ in signedness [-Wpointer-sign]
    vcom_write("Hello World!!\r\n", 15);
               ^
In file included from ../example/src/cdc_main.c:36:0:
C:\Users\Joey\Documents\LPCXpresso_8.2.2_650\MATE_Workspace\LPC1769\usbd_lib_cdc\example\inc/cdc_vcom.h:117:10: note: expected 'uint8_t * {aka unsigned char *}' but argument is of type 'char *'
 uint32_t vcom_write (uint8_t *pBuf, uint32_t buf_len);
          ^
Finished building: ../example/src/cdc_main.c
 
Building file: ../example/src/cdc_vcom.c
Invoking: MCU C Compiler
arm-none-eabi-gcc -D__REDLIB__ -DDEBUG -D__CODE_RED -D__USE_LPCOPEN -DCORE_M3 -I"C:\Users\Joey\Documents\LPCXpresso_8.2.2_650\MATE_Workspace\LPC1769\lpc_chip_175x_6x\inc" -I"C:\Users\Joey\Documents\LPCXpresso_8.2.2_650\MATE_Workspace\LPC1769\lpc_board_nxp_lpcxpresso_1769\inc" -I"C:\Users\Joey\Documents\LPCXpresso_8.2.2_650\MATE_Workspace\LPC1769\usbd_lib_cdc\example\inc" -I"C:\Users\Joey\Documents\LPCXpresso_8.2.2_650\MATE_Workspace\LPC1769\lpc_chip_175x_6x\inc\usbd" -O0 -g3 -Wall -c -fmessage-length=0 -fno-builtin -ffunction-sections -fdata-sections -mcpu=cortex-m3 -mthumb -specs=redlib.specs -MMD -MP -MF"example/src/cdc_vcom.d" -MT"example/src/cdc_vcom.o" -MT"example/src/cdc_vcom.d" -o "example/src/cdc_vcom.o" "../example/src/cdc_vcom.c"
Finished building: ../example/src/cdc_vcom.c
 
Building file: ../example/src/sysinit.c
Invoking: MCU C Compiler
arm-none-eabi-gcc -D__REDLIB__ -DDEBUG -D__CODE_RED -D__USE_LPCOPEN -DCORE_M3 -I"C:\Users\Joey\Documents\LPCXpresso_8.2.2_650\MATE_Workspace\LPC1769\lpc_chip_175x_6x\inc" -I"C:\Users\Joey\Documents\LPCXpresso_8.2.2_650\MATE_Workspace\LPC1769\lpc_board_nxp_lpcxpresso_1769\inc" -I"C:\Users\Joey\Documents\LPCXpresso_8.2.2_650\MATE_Workspace\LPC1769\usbd_lib_cdc\example\inc" -I"C:\Users\Joey\Documents\LPCXpresso_8.2.2_650\MATE_Workspace\LPC1769\lpc_chip_175x_6x\inc\usbd" -O0 -g3 -Wall -c -fmessage-length=0 -fno-builtin -ffunction-sections -fdata-sections -mcpu=cortex-m3 -mthumb -specs=redlib.specs -MMD -MP -MF"example/src/sysinit.d" -MT"example/src/sysinit.o" -MT"example/src/sysinit.d" -o "example/src/sysinit.o" "../example/src/sysinit.c"
Finished building: ../example/src/sysinit.c
 
Building target: usbd_lib_cdc.axf
Invoking: MCU Linker
arm-none-eabi-gcc -nostdlib -L"C:\Users\Joey\Documents\LPCXpresso_8.2.2_650\MATE_Workspace\LPC1769\lpc_chip_175x_6x\Debug" -L"C:\Users\Joey\Documents\LPCXpresso_8.2.2_650\MATE_Workspace\LPC1769\lpc_board_nxp_lpcxpresso_1769\Debug" -L"C:\Users\Joey\Documents\LPCXpresso_8.2.2_650\MATE_Workspace\LPC1769\lpc_chip_175x_6x\libs" -Xlinker -Map="usbd_lib_cdc.map" -Xlinker --gc-sections -mcpu=cortex-m3 -mthumb -T "usbd_lib_cdc_Debug.ld" -o "usbd_lib_cdc.axf"  ./example/src/cdc_desc.o ./example/src/cdc_main.o ./example/src/cdc_vcom.o ./example/src/cr_startup_lpc175x_6x.o ./example/src/sysinit.o   -llpc_board_nxp_lpcxpresso_1769 -llpc_chip_175x_6x -lusbd_175x_6x_lib
Finished building target: usbd_lib_cdc.axf
 
make --no-print-directory post-build
Performing post-build steps
arm-none-eabi-size "usbd_lib_cdc.axf"; # arm-none-eabi-objcopy -v -O binary "usbd_lib_cdc.axf" "usbd_lib_cdc.bin" ; # checksum -p LPC1769 -d "usbd_lib_cdc.bin";
   text	   data	    bss	    dec	    hex	filename
  12384	     80	    632	  13096	   3328	usbd_lib_cdc.axf
 

18:15:25 Build Finished (took 2s.433ms)

